Component: ARM Compiler 5.06 update 5 (build 528) Tool: armlink [4d35e2]

==============================================================================

Section Cross References

    startup_stm32f407xx.o(STACK) refers (Special) to heapauxi.o(.text) for __use_two_region_memory
    startup_stm32f407xx.o(HEAP) refers (Special) to heapauxi.o(.text) for __use_two_region_memory
    startup_stm32f407xx.o(RESET) refers (Special) to heapauxi.o(.text) for __use_two_region_memory
    startup_stm32f407xx.o(RESET) refers to startup_stm32f407xx.o(STACK) for __initial_sp
    startup_stm32f407xx.o(RESET) refers to startup_stm32f407xx.o(.text) for Reset_Handler
    startup_stm32f407xx.o(RESET) refers to system.o(i.SysTick_Handler) for SysTick_Handler
    startup_stm32f407xx.o(RESET) refers to exti.o(i.EXTI0_IRQHandler) for EXTI0_IRQHandler
    startup_stm32f407xx.o(RESET) refers to exti.o(i.EXTI1_IRQHandler) for EXTI1_IRQHandler
    startup_stm32f407xx.o(RESET) refers to exti.o(i.EXTI2_IRQHandler) for EXTI2_IRQHandler
    startup_stm32f407xx.o(RESET) refers to exti.o(i.EXTI3_IRQHandler) for EXTI3_IRQHandler
    startup_stm32f407xx.o(RESET) refers to exti.o(i.EXTI4_IRQHandler) for EXTI4_IRQHandler
    startup_stm32f407xx.o(RESET) refers to exti.o(i.EXTI9_5_IRQHandler) for EXTI9_5_IRQHandler
    startup_stm32f407xx.o(RESET) refers to timer.o(i.TIM1_CC_IRQHandler) for TIM1_CC_IRQHandler
    startup_stm32f407xx.o(RESET) refers to timer.o(i.TIM2_IRQHandler) for TIM2_IRQHandler
    startup_stm32f407xx.o(RESET) refers to timer.o(i.TIM3_IRQHandler) for TIM3_IRQHandler
    startup_stm32f407xx.o(RESET) refers to timer.o(i.TIM4_IRQHandler) for TIM4_IRQHandler
    startup_stm32f407xx.o(RESET) refers to serial_uart_stm32f4xx.o(i.USART1_IRQHandler) for USART1_IRQHandler
    startup_stm32f407xx.o(RESET) refers to serial_uart_stm32f4xx.o(i.USART3_IRQHandler) for USART3_IRQHandler
    startup_stm32f407xx.o(RESET) refers to exti.o(i.EXTI15_10_IRQHandler) for EXTI15_10_IRQHandler
    startup_stm32f407xx.o(RESET) refers to serial_uart_stm32f4xx.o(i.USART6_IRQHandler) for USART6_IRQHandler
    startup_stm32f407xx.o(.text) refers (Special) to heapauxi.o(.text) for __use_two_region_memory
    startup_stm32f407xx.o(.text) refers to system_stm32f4xx.o(i.SystemInit) for SystemInit
    startup_stm32f407xx.o(.text) refers to __main.o(!!!main) for __main
    startup_stm32f407xx.o(.text) refers to startup_stm32f407xx.o(HEAP) for Heap_Mem
    startup_stm32f407xx.o(.text) refers to startup_stm32f407xx.o(STACK) for Stack_Mem
    stm32f4xx_flash.o(i.FLASH_EraseAllBank1Sectors) refers to stm32f4xx_flash.o(i.FLASH_WaitForLastOperation) for FLASH_WaitForLastOperation
    stm32f4xx_flash.o(i.FLASH_EraseAllBank2Sectors) refers to stm32f4xx_flash.o(i.FLASH_WaitForLastOperation) for FLASH_WaitForLastOperation
    stm32f4xx_flash.o(i.FLASH_EraseAllSectors) refers to stm32f4xx_flash.o(i.FLASH_WaitForLastOperation) for FLASH_WaitForLastOperation
    stm32f4xx_flash.o(i.FLASH_EraseSector) refers to stm32f4xx_flash.o(i.FLASH_WaitForLastOperation) for FLASH_WaitForLastOperation
    stm32f4xx_flash.o(i.FLASH_OB_Launch) refers to stm32f4xx_flash.o(i.FLASH_WaitForLastOperation) for FLASH_WaitForLastOperation
    stm32f4xx_flash.o(i.FLASH_OB_PCROP1Config) refers to stm32f4xx_flash.o(i.FLASH_WaitForLastOperation) for FLASH_WaitForLastOperation
    stm32f4xx_flash.o(i.FLASH_OB_PCROPConfig) refers to stm32f4xx_flash.o(i.FLASH_WaitForLastOperation) for FLASH_WaitForLastOperation
    stm32f4xx_flash.o(i.FLASH_OB_RDPConfig) refers to stm32f4xx_flash.o(i.FLASH_WaitForLastOperation) for FLASH_WaitForLastOperation
    stm32f4xx_flash.o(i.FLASH_OB_UserConfig) refers to stm32f4xx_flash.o(i.FLASH_WaitForLastOperation) for FLASH_WaitForLastOperation
    stm32f4xx_flash.o(i.FLASH_OB_WRP1Config) refers to stm32f4xx_flash.o(i.FLASH_WaitForLastOperation) for FLASH_WaitForLastOperation
    stm32f4xx_flash.o(i.FLASH_OB_WRPConfig) refers to stm32f4xx_flash.o(i.FLASH_WaitForLastOperation) for FLASH_WaitForLastOperation
    stm32f4xx_flash.o(i.FLASH_ProgramByte) refers to stm32f4xx_flash.o(i.FLASH_WaitForLastOperation) for FLASH_WaitForLastOperation
    stm32f4xx_flash.o(i.FLASH_ProgramDoubleWord) refers to stm32f4xx_flash.o(i.FLASH_WaitForLastOperation) for FLASH_WaitForLastOperation
    stm32f4xx_flash.o(i.FLASH_ProgramHalfWord) refers to stm32f4xx_flash.o(i.FLASH_WaitForLastOperation) for FLASH_WaitForLastOperation
    stm32f4xx_flash.o(i.FLASH_ProgramWord) refers to stm32f4xx_flash.o(i.FLASH_WaitForLastOperation) for FLASH_WaitForLastOperation
    stm32f4xx_flash.o(i.FLASH_WaitForLastOperation) refers to stm32f4xx_flash.o(i.FLASH_GetStatus) for FLASH_GetStatus
    stm32f4xx_gpio.o(i.GPIO_DeInit) refers to stm32f4xx_rcc.o(i.RCC_AHB1PeriphResetCmd) for RCC_AHB1PeriphResetCmd
    stm32f4xx_rcc.o(i.RCC_GetClocksFreq) refers to stm32f4xx_rcc.o(.data) for .data
[...]
    Heap_Mem                                 0x20001d48   Data         512  startup_stm32f407xx.o(HEAP)
    STACK                                    0x20001f48   Section     1024  startup_stm32f407xx.o(STACK)
    Stack_Mem                                0x20001f48   Data        1024  startup_stm32f407xx.o(STACK)
    __initial_sp                             0x20002348   Data           0  startup_stm32f407xx.o(STACK)

    Global Symbols

    Symbol Name                              Value     Ov Type        Size  Object(Section)

    BuildAttributes$$THM_ISAv4$E$P$D$K$B$S$7EM$VFPi3$EXTD16$VFPS$VFMA$PE$A:L22UL41UL21$X:L11$S22US41US21$IEEE1$IW$USESV6$~STKCKD$USESV7$~SHL$OTIME$ROPI$IEEEX$EBA8$UX$STANDARDLIB$REQ8$PRES8$EABIv2 0x00000000   Number         0  anon$$obj.o ABSOLUTE
    __ARM_use_no_argv                        0x00000000   Number         0  main.o ABSOLUTE
    __ARM_exceptions_init                     - Undefined Weak Reference
    __alloca_initialize                       - Undefined Weak Reference
    __arm_preinit_                            - Undefined Weak Reference
    __cpp_initialize__aeabi_                  - Undefined Weak Reference
    __cxa_finalize                            - Undefined Weak Reference
    __sigvec_lookup                           - Undefined Weak Reference
    _atexit_init                              - Undefined Weak Reference
    _call_atexit_fns                          - Undefined Weak Reference
    _clock_init                               - Undefined Weak Reference
    _fp_trap_init                             - Undefined Weak Reference
    _fp_trap_shutdown                         - Undefined Weak Reference
    _get_lc_collate                           - Undefined Weak Reference
    _get_lc_monetary                          - Undefined Weak Reference
    _get_lc_time                              - Undefined Weak Reference
    _getenv_init                              - Undefined Weak Reference
    _handle_redirection                       - Undefined Weak Reference
    _init_alloc                               - Undefined Weak Reference
    _init_user_alloc                          - Undefined Weak Reference
    _initio                                   - Undefined Weak Reference
    _mutex_acquire                            - Undefined Weak Reference
    _mutex_release                            - Undefined Weak Reference
    _printf_mbtowc                            - Undefined Weak Reference
    _printf_post_padding                      - Undefined Weak Reference
    _printf_pre_padding                       - Undefined Weak Reference
    _printf_truncate_signed                   - Undefined Weak Reference
    _printf_truncate_unsigned                 - Undefined Weak Reference
    _signal_finish                            - Undefined Weak Reference
    _signal_init                              - Undefined Weak Reference
    _terminate_alloc                          - Undefined Weak Reference
    _terminate_user_alloc                     - Undefined Weak Reference
    _terminateio                              - Undefined Weak Reference
    __Vectors_Size                           0x00000188   Number         0  startup_stm32f407xx.o ABSOLUTE
    __Vectors                                0x08000000   Data           4  startup_stm32f407xx.o(RESET)
    __Vectors_End                            0x08000188   Data           0  startup_stm32f407xx.o(RESET)
    __main                                   0x08000189   Thumb Code     8  __main.o(!!!main)
    __scatterload                            0x08000191   Thumb Code     0  __scatter.o(!!!scatter)
    __scatterload_rt2                        0x08000191   Thumb Code    44  __scatter.o(!!!scatter)
    __scatterload_rt2_thumb_only             0x08000191   Thumb Code     0  __scatter.o(!!!scatter)
    __scatterload_null                       0x0800019f   Thumb Code     0  __scatter.o(!!!scatter)
    __decompress                             0x080001c5   Thumb Code    90  __dczerorl2.o(!!dczerorl2)
    __decompress1                            0x080001c5   Thumb Code     0  __dczerorl2.o(!!dczerorl2)
    __scatterload_zeroinit                   0x08000221   Thumb Code    28  __scatter_zi.o(!!handler_zi)
    _printf_d                                0x0800023d   Thumb Code     0  _printf_d.o(.ARM.Collect$$_printf_percent$$00000009)
    _printf_percent                          0x0800023d   Thumb Code     0  _printf_percent.o(.ARM.Collect$$_printf_percent$$00000000)
    _printf_u                                0x08000243   Thumb Code     0  _printf_u.o(.ARM.Collect$$_printf_percent$$0000000A)
    _printf_s                                0x08000249   Thumb Code     0  _printf_s.o(.ARM.Collect$$_printf_percent$$00000014)
    _printf_percent_end                      0x0800024f   Thumb Code     0  _printf_percent_end.o(.ARM.Collect$$_printf_percent$$00000017)
    __rt_lib_init                            0x08000253   Thumb Code     0  libinit.o(.ARM.Collect$$libinit$$00000000)
    __rt_lib_init_fp_1                       0x08000255   Thumb Code     0  libinit2.o(.ARM.Collect$$libinit$$00000001)
    __rt_lib_init_heap_1                     0x08000259   Thumb Code     0  libinit2.o(.ARM.Collect$$libinit$$0000000A)
    __rt_lib_init_lc_common                  0x08000259   Thumb Code     0  libinit2.o(.ARM.Collect$$libinit$$0000000F)
    __rt_lib_init_preinit_1                  0x08000259   Thumb Code     0  libinit2.o(.ARM.Collect$$libinit$$00000004)
    __rt_lib_init_rand_1                     0x08000259   Thumb Code     0  libinit2.o(.ARM.Collect$$libinit$$0000000E)
    __rt_lib_init_user_alloc_1               0x08000259   Thumb Code     0  libinit2.o(.ARM.Collect$$libinit$$0000000C)
    __rt_lib_init_lc_collate_1               0x0800025f   Thumb Code     0  libinit2.o(.ARM.Collect$$libinit$$00000011)
    __rt_lib_init_lc_ctype_2                 0x0800025f   Thumb Code     0  libinit2.o(.ARM.Collect$$libinit$$00000012)
    __rt_lib_init_alloca_1                   0x0800026b   Thumb Code     0  libinit2.o(.ARM.Collect$$libinit$$0000002E)
    __rt_lib_init_argv_1                     0x0800026b   Thumb Code     0  libinit2.o(.ARM.Collect$$libinit$$0000002C)
    __rt_lib_init_atexit_1                   0x0800026b   Thumb Code     0  libinit2.o(.ARM.Collect$$libinit$$0000001B)
    __rt_lib_init_clock_1                    0x0800026b   Thumb Code     0  libinit2.o(.ARM.Collect$$libinit$$00000021)
    __rt_lib_init_cpp_1                      0x0800026b   Thumb Code     0  libinit2.o(.ARM.Collect$$libinit$$00000032)
    __rt_lib_init_exceptions_1               0x0800026b   Thumb Code     0  libinit2.o(.ARM.Collect$$libinit$$00000030)
    __rt_lib_init_fp_trap_1                  0x0800026b   Thumb Code     0  libinit2.o(.ARM.Collect$$libinit$$0000001F)
    __rt_lib_init_getenv_1                   0x0800026b   Thumb Code     0  libinit2.o(.ARM.Collect$$libinit$$00000023)
    __rt_lib_init_lc_ctype_1                 0x0800026b   Thumb Code     0  libinit2.o(.ARM.Collect$$libinit$$00000013)
    __rt_lib_init_lc_monetary_1              0x0800026b   Thumb Code     0  libinit2.o(.ARM.Collect$$libinit$$00000015)
    __rt_lib_init_lc_numeric_1               0x0800026b   Thumb Code     0  libinit2.o(.ARM.Collect$$libinit$$00000017)
    __rt_lib_init_lc_time_1                  0x0800026b   Thumb Code     0  libinit2.o(.ARM.Collect$$libinit$$00000019)
    __rt_lib_init_return                     0x0800026b   Thumb Code     0  libinit2.o(.ARM.Collect$$libinit$$00000033)
    __rt_lib_init_signal_1                   0x0800026b   Thumb Code     0  libinit2.o(.ARM.Collect$$libinit$$0000001D)
    __rt_lib_init_stdio_1                    0x0800026b   Thumb Code     0  libinit2.o(.ARM.Collect$$libinit$$00000025)
    __rt_lib_shutdown                        0x0800026d   Thumb Code     0  libshutdown.o(.ARM.Collect$$libshutdown$$00000000)
    __rt_lib_shutdown_cpp_1                  0x0800026f   Thumb Code     0  libshutdown2.o(.ARM.Collect$$libshutdown$$00000002)
    __rt_lib_shutdown_fp_trap_1              0x0800026f   Thumb Code     0  libshutdown2.o(.ARM.Collect$$libshutdown$$00000007)
    __rt_lib_shutdown_heap_1                 0x0800026f   Thumb Code     0  libshutdown2.o(.ARM.Collect$$libshutdown$$0000000F)
    __rt_lib_shutdown_return                 0x0800026f   Thumb Code     0  libshutdown2.o(.ARM.Collect$$libshutdown$$00000010)
    __rt_lib_shutdown_signal_1               0x0800026f   Thumb Code     0  libshutdown2.o(.ARM.Collect$$libshutdown$$0000000A)
    __rt_lib_shutdown_stdio_1                0x0800026f   Thumb Code     0  libshutdown2.o(.ARM.Collect$$libshutdown$$00000004)
    __rt_lib_shutdown_user_alloc_1           0x0800026f   Thumb Code     0  libshutdown2.o(.ARM.Collect$$libshutdown$$0000000C)
    __rt_entry                               0x08000271   Thumb Code     0  __rtentry.o(.ARM.Collect$$rtentry$$00000000)
    __rt_entry_presh_1                       0x08000271   Thumb Code     0  __rtentry2.o(.ARM.Collect$$rtentry$$00000002)
    __rt_entry_sh                            0x08000271   Thumb Code     0  __rtentry4.o(.ARM.Collect$$rtentry$$00000004)
    __rt_entry_li                            0x08000277   Thumb Code     0  __rtentry2.o(.ARM.Collect$$rtentry$$0000000A)
    __rt_entry_postsh_1                      0x08000277   Thumb Code     0  __rtentry2.o(.ARM.Collect$$rtentry$$00000009)
    __rt_entry_main                          0x0800027b   Thumb Code     0  __rtentry2.o(.ARM.Collect$$rtentry$$0000000D)
    __rt_entry_postli_1                      0x0800027b   Thumb Code     0  __rtentry2.o(.ARM.Collect$$rtentry$$0000000C)
    __rt_exit                                0x08000283   Thumb Code     0  rtexit.o(.ARM.Collect$$rtexit$$00000000)
    __rt_exit_ls                             0x08000285   Thumb Code     0  rtexit2.o(.ARM.Collect$$rtexit$$00000003)
    __rt_exit_prels_1                        0x08000285   Thumb Code     0  rtexit2.o(.ARM.Collect$$rtexit$$00000002)
    __rt_exit_exit                           0x08000289   Thumb Code     0  rtexit2.o(.ARM.Collect$$rtexit$$00000004)
    Reset_Handler                            0x08000291   Thumb Code     8  startup_stm32f407xx.o(.text)
    NMI_Handler                              0x08000299   Thumb Code     2  startup_stm32f407xx.o(.text)
    HardFault_Handler                        0x0800029b   Thumb Code     2  startup_stm32f407xx.o(.text)
    MemManage_Handler                        0x0800029d   Thumb Code     2  startup_stm32f407xx.o(.text)
    BusFault_Handler                         0x0800029f   Thumb Code     2  startup_stm32f407xx.o(.text)
    UsageFault_Handler                       0x080002a1   Thumb Code     2  startup_stm32f407xx.o(.text)
    SVC_Handler                              0x080002a3   Thumb Code     2  startup_stm32f407xx.o(.text)
    DebugMon_Handler                         0x080002a5   Thumb Code     2  startup_stm32f407xx.o(.text)
    PendSV_Handler                           0x080002a7   Thumb Code     2  startup_stm32f407xx.o(.text)
    ADC_IRQHandler                           0x080002ab   Thumb Code     0  startup_stm32f407xx.o(.text)
    CAN1_RX0_IRQHandler                      0x080002ab   Thumb Code     0  startup_stm32f407xx.o(.text)
    CAN1_RX1_IRQHandler                      0x080002ab   Thumb Code     0  startup_stm32f407xx.o(.text)
    CAN1_SCE_IRQHandler                      0x080002ab   Thumb Code     0  startup_stm32f407xx.o(.text)
    CAN1_TX_IRQHandler                       0x080002ab   Thumb Code     0  startup_stm32f407xx.o(.text)
    CAN2_RX0_IRQHandler                      0x080002ab   Thumb Code     0  startup_stm32f407xx.o(.text)
    CAN2_RX1_IRQHandler                      0x080002ab   Thumb Code     0  startup_stm32f407xx.o(.text)
    CAN2_SCE_IRQHandler                      0x080002ab   Thumb Code     0  startup_stm32f407xx.o(.text)
    CAN2_TX_IRQHandler                       0x080002ab   Thumb Code     0  startup_stm32f407xx.o(.text)
    DCMI_IRQHandler                          0x080002ab   Thumb Code     0  startup_stm32f407xx.o(.text)
    DMA1_Stream0_IRQHandler                  0x080002ab   Thumb Code     0  startup_stm32f407xx.o(.text)
    DMA1_Stream1_IRQHandler                  0x080002ab   Thumb Code     0  startup_stm32f407xx.o(.text)
    DMA1_Stream2_IRQHandler                  0x080002ab   Thumb Code     0  startup_stm32f407xx.o(.text)
    DMA1_Stream3_IRQHandler                  0x080002ab   Thumb Code     0  startup_stm32f407xx.o(.text)
    DMA1_Stream4_IRQHandler                  0x080002ab   Thumb Code     0  startup_stm32f407xx.o(.text)
    DMA1_Stream5_IRQHandler                  0x080002ab   Thumb Code     0  startup_stm32f407xx.o(.text)
    DMA1_Stream6_IRQHandler                  0x080002ab   Thumb Code     0  startup_stm32f407xx.o(.text)
    DMA1_Stream7_IRQHandler                  0x080002ab   Thumb Code     0  startup_stm32f407xx.o(.text)
    DMA2_Stream0_IRQHandler                  0x080002ab   Thumb Code     0  startup_stm32f407xx.o(.text)
    DMA2_Stream1_IRQHandler                  0x080002ab   Thumb Code     0  startup_stm32f407xx.o(.text)
    DMA2_Stream2_IRQHandler                  0x080002ab   Thumb Code     0  startup_stm32f407xx.o(.text)
    DMA2_Stream3_IRQHandler                  0x080002ab   Thumb Code     0  startup_stm32f407xx.o(.text)
    DMA2_Stream4_IRQHandler                  0x080002ab   Thumb Code     0  startup_stm32f407xx.o(.text)
    DMA2_Stream5_IRQHandler                  0x080002ab   Thumb Code     0  startup_stm32f407xx.o(.text)
    DMA2_Stream6_IRQHandler                  0x080002ab   Thumb Code     0  startup_stm32f407xx.o(.text)
    DMA2_Stream7_IRQHandler                  0x080002ab   Thumb Code     0  startup_stm32f407xx.o(.text)
    ETH_IRQHandler                           0x080002ab   Thumb Code     0  startup_stm32f407xx.o(.text)
    ETH_WKUP_IRQHandler                      0x080002ab   Thumb Code     0  startup_stm32f407xx.o(.text)
    FLASH_IRQHandler                         0x080002ab   Thumb Code     0  startup_stm32f407xx.o(.text)
    FMC_IRQHandler                           0x080002ab   Thumb Code     0  startup_stm32f407xx.o(.text)
    FPU_IRQHandler                           0x080002ab   Thumb Code     0  startup_stm32f407xx.o(.text)
    HASH_RNG_IRQHandler                      0x080002ab   Thumb Code     0  startup_stm32f407xx.o(.text)
    I2C1_ER_IRQHandler                       0x080002ab   Thumb Code     0  startup_stm32f407xx.o(.text)
    I2C1_EV_IRQHandler                       0x080002ab   Thumb Code     0  startup_stm32f407xx.o(.text)
    I2C2_ER_IRQHandler                       0x080002ab   Thumb Code     0  startup_stm32f407xx.o(.text)
    I2C2_EV_IRQHandler                       0x080002ab   Thumb Code     0  startup_stm32f407xx.o(.text)
    I2C3_ER_IRQHandler                       0x080002ab   Thumb Code     0  startup_stm32f407xx.o(.text)
    I2C3_EV_IRQHandler                       0x080002ab   Thumb Code     0  startup_stm32f407xx.o(.text)
    OTG_FS_IRQHandler                        0x080002ab   Thumb Code     0  startup_stm32f407xx.o(.text)
    OTG_FS_WKUP_IRQHandler                   0x080002ab   Thumb Code     0  startup_stm32f407xx.o(.text)
    OTG_HS_EP1_IN_IRQHandler                 0x080002ab   Thumb Code     0  startup_stm32f407xx.o(.text)
    OTG_HS_EP1_OUT_IRQHandler                0x080002ab   Thumb Code     0  startup_stm32f407xx.o(.text)
    OTG_HS_IRQHandler                        0x080002ab   Thumb Code     0  startup_stm32f407xx.o(.text)
    OTG_HS_WKUP_IRQHandler                   0x080002ab   Thumb Code     0  startup_stm32f407xx.o(.text)
    PVD_IRQHandler                           0x080002ab   Thumb Code     0  startup_stm32f407xx.o(.text)
    RCC_IRQHandler                           0x080002ab   Thumb Code     0  startup_stm32f407xx.o(.text)
    RTC_Alarm_IRQHandler                     0x080002ab   Thumb Code     0  startup_stm32f407xx.o(.text)
    RTC_WKUP_IRQHandler                      0x080002ab   Thumb Code     0  startup_stm32f407xx.o(.text)
    SDIO_IRQHandler                          0x080002ab   Thumb Code     0  startup_stm32f407xx.o(.text)
    SPI1_IRQHandler                          0x080002ab   Thumb Code     0  startup_stm32f407xx.o(.text)
    SPI2_IRQHandler                          0x080002ab   Thumb Code     0  startup_stm32f407xx.o(.text)
    SPI3_IRQHandler                          0x080002ab   Thumb Code     0  startup_stm32f407xx.o(.text)
    TAMP_STAMP_IRQHandler                    0x080002ab   Thumb Code     0  startup_stm32f407xx.o(.text)
    TIM1_BRK_TIM9_IRQHandler                 0x080002ab   Thumb Code     0  startup_stm32f407xx.o(.text)
    TIM1_TRG_COM_TIM11_IRQHandler            0x080002ab   Thumb Code     0  startup_stm32f407xx.o(.text)
    TIM1_UP_TIM10_IRQHandler                 0x080002ab   Thumb Code     0  startup_stm32f407xx.o(.text)
    TIM5_IRQHandler                          0x080002ab   Thumb Code     0  startup_stm32f407xx.o(.text)
    TIM6_DAC_IRQHandler                      0x080002ab   Thumb Code     0  startup_stm32f407xx.o(.text)
    TIM7_IRQHandler                          0x080002ab   Thumb Code     0  startup_stm32f407xx.o(.text)
    TIM8_BRK_TIM12_IRQHandler                0x080002ab   Thumb Code     0  startup_stm32f407xx.o(.text)
    TIM8_CC_IRQHandler                       0x080002ab   Thumb Code     0  startup_stm32f407xx.o(.text)
    TIM8_TRG_COM_TIM14_IRQHandler            0x080002ab   Thumb Code     0  startup_stm32f407xx.o(.text)
    TIM8_UP_TIM13_IRQHandler                 0x080002ab   Thumb Code     0  startup_stm32f407xx.o(.text)
    UART4_IRQHandler                         0x080002ab   Thumb Code     0  startup_stm32f407xx.o(.text)
    UART5_IRQHandler                         0x080002ab   Thumb Code     0  startup_stm32f407xx.o(.text)
    USART2_IRQHandler                        0x080002ab   Thumb Code     0  startup_stm32f407xx.o(.text)
    WWDG_IRQHandler                          0x080002ab   Thumb Code     0  startup_stm32f407xx.o(.text)
    __user_initial_stackheap                 0x080002ad   Thumb Code     0  startup_stm32f407xx.o(.text)
    __2printf                                0x080002d1   Thumb Code    20  noretval__2printf.o(.text)
    __printf                                 0x080002e9   Thumb Code   104  __printf.o(.text)
    _printf_str                              0x08000351   Thumb Code    82  _printf_str.o(.text)
    _printf_int_dec                          0x080003a5   Thumb Code   104  _printf_dec.o(.text)
    strchr                                   0x0800041d   Thumb Code    20  strchr.o(.text)
    strncasecmp                              0x08000431   Thumb Code    50  strncasecmp.o(.text)
    __aeabi_memcpy4                          0x08000463   Thumb Code     0  rt_memcpy_w.o(.text)
    __aeabi_memcpy8                          0x08000463   Thumb Code     0  rt_memcpy_w.o(.text)
    __rt_memcpy_w                            0x08000463   Thumb Code   100  rt_memcpy_w.o(.text)
    _memcpy_lastbytes_aligned                0x080004ab   Thumb Code     0  rt_memcpy_w.o(.text)
    __aeabi_memset                           0x080004c7   Thumb Code    16  aeabi_memset.o(.text)
    __aeabi_memclr                           0x080004d7   Thumb Code     0  rt_memclr.o(.text)
    __rt_memclr                              0x080004d7   Thumb Code    68  rt_memclr.o(.text)
    _memset                                  0x080004db   Thumb Code     0  rt_memclr.o(.text)
    __aeabi_memclr4                          0x0800051b   Thumb Code     0  rt_memclr_w.o(.text)
    __aeabi_memclr8                          0x0800051b   Thumb Code     0  rt_memclr_w.o(.text)
    __rt_memclr_w                            0x0800051b   Thumb Code    78  rt_memclr_w.o(.text)
    _memset_w                                0x0800051f   Thumb Code     0  rt_memclr_w.o(.text)
    strncpy                                  0x08000569   Thumb Code    86  strncpy.o(.text)
    __use_two_region_memory                  0x080005bf   Thumb Code     2  heapauxi.o(.text)
    __rt_heap_escrow$2region                 0x080005c1   Thumb Code     2  heapauxi.o(.text)
    __rt_heap_expand$2region                 0x080005c3   Thumb Code     2  heapauxi.o(.text)
    tolower                                  0x080005c5   Thumb Code    26  tolower.o(.text)
    _printf_int_common                       0x080005df   Thumb Code   178  _printf_intcommon.o(.text)
    _printf_cs_common                        0x08000691   Thumb Code    20  _printf_char.o(.text)
    _printf_char                             0x080006a5   Thumb Code    16  _printf_char.o(.text)
    _printf_string                           0x080006b5   Thumb Code     8  _printf_char.o(.text)
    _printf_char_file                        0x080006bd   Thumb Code    32  _printf_char_file.o(.text)
    __rt_ctype_table                         0x080006e1   Thumb Code    16  rt_ctype_table.o(.text)
    __rt_locale                              0x080006f1   Thumb Code     8  rt_locale_intlibspace.o(.text)
    _printf_char_common                      0x08000703   Thumb Code    32  _printf_char_common.o(.text)
    ferror                                   0x08000729   Thumb Code     8  ferror.o(.text)
    __user_libspace                          0x08000731   Thumb Code     8  libspace.o(.text)
    __user_perproc_libspace                  0x08000731   Thumb Code     0  libspace.o(.text)
    __user_perthread_libspace                0x08000731   Thumb Code     0  libspace.o(.text)
    __user_setup_stackheap                   0x08000739   Thumb Code    74  sys_stackheap_outer.o(.text)
    exit                                     0x08000783   Thumb Code    18  exit.o(.text)
    strcmp                                   0x08000795   Thumb Code   128  strcmpv7m.o(.text)
    __I$use$semihosting                      0x08000815   Thumb Code     0  use_no_semi.o(.text)
    __use_no_semihosting_swi                 0x08000815   Thumb Code     2  use_no_semi.o(.text)
    __semihosting_library_function           0x08000817   Thumb Code     0  indicate_semi.o(.text)
    _sys_exit                                0x08000819   Thumb Code     8  sys_exit.o(.text)
    DMA_Cmd                                  0x08000825   Thumb Code    20  stm32f4xx_dma.o(i.DMA_Cmd)
    DMA_DeInit                               0x08000839   Thumb Code   272  stm32f4xx_dma.o(i.DMA_DeInit)
    DMA_GetCurrDataCounter                   0x0800095d   Thumb Code     6  stm32f4xx_dma.o(i.DMA_GetCurrDataCounter)
    DMA_ITConfig                             0x08000963   Thumb Code    44  stm32f4xx_dma.o(i.DMA_ITConfig)
    DMA_Init                                 0x08000991   Thumb Code    80  stm32f4xx_dma.o(i.DMA_Init)
    DMA_MemoryTargetConfig                   0x080009e5   Thumb Code    10  stm32f4xx_dma.o(i.DMA_MemoryTargetConfig)
    DMA_SetCurrDataCounter                   0x080009ef   Thumb Code     4  stm32f4xx_dma.o(i.DMA_SetCurrDataCounter)
    DMA_StructInit                           0x080009f3   Thumb Code    34  stm32f4xx_dma.o(i.DMA_StructInit)
    EXTI0_IRQHandler                         0x08000a15   Thumb Code     4  exti.o(i.EXTI0_IRQHandler)
    EXTI15_10_IRQHandler                     0x08000a19   Thumb Code     4  exti.o(i.EXTI15_10_IRQHandler)
    EXTI1_IRQHandler                         0x08000a1d   Thumb Code     4  exti.o(i.EXTI1_IRQHandler)
    EXTI2_IRQHandler                         0x08000a21   Thumb Code     4  exti.o(i.EXTI2_IRQHandler)
    EXTI3_IRQHandler                         0x08000a25   Thumb Code     4  exti.o(i.EXTI3_IRQHandler)
    EXTI4_IRQHandler                         0x08000a29   Thumb Code     4  exti.o(i.EXTI4_IRQHandler)
    EXTI9_5_IRQHandler                       0x08000a2d   Thumb Code     4  exti.o(i.EXTI9_5_IRQHandler)
    EXTIInit                                 0x08000a31   Thumb Code    32  exti.o(i.EXTIInit)
    EXTI_IRQHandler                          0x08000a59   Thumb Code    56  exti.o(i.EXTI_IRQHandler)
    EnableGPIOClk                            0x08000a99   Thumb Code   110  main.o(i.EnableGPIOClk)
    FLASH_ClearFlag                          0x08000b2d   Thumb Code     6  stm32f4xx_flash.o(i.FLASH_ClearFlag)
    FLASH_EraseSector                        0x08000b39   Thumb Code   104  stm32f4xx_flash.o(i.FLASH_EraseSector)
    FLASH_GetStatus                          0x08000ba5   Thumb Code    56  stm32f4xx_flash.o(i.FLASH_GetStatus)
    FLASH_Lock                               0x08000be1   Thumb Code    12  stm32f4xx_flash.o(i.FLASH_Lock)
    FLASH_ProgramWord                        0x08000bf1   Thumb Code    56  stm32f4xx_flash.o(i.FLASH_ProgramWord)
    FLASH_Unlock                             0x08000c2d   Thumb Code    22  stm32f4xx_flash.o(i.FLASH_Unlock)
    FLASH_WaitForLastOperation               0x08000c51   Thumb Code    30  stm32f4xx_flash.o(i.FLASH_WaitForLastOperation)
    GPIO_Init                                0x08000c6f   Thumb Code   162  stm32f4xx_gpio.o(i.GPIO_Init)
    GPIO_PinAFConfig                         0x08000d11   Thumb Code    32  stm32f4xx_gpio.o(i.GPIO_PinAFConfig)
    GPIO_StructInit                          0x08000d31   Thumb Code    18  stm32f4xx_gpio.o(i.GPIO_StructInit)
    IOConfigGPIO                             0x08000d45   Thumb Code    68  io.o(i.IOConfigGPIO)
    IOConfigGPIOAF                           0x08000d8d   Thumb Code    86  io.o(i.IOConfigGPIOAF)
    IOGetByTag                               0x08000de9   Thumb Code    98  io.o(i.IOGetByTag)
    IOGlobalInit                             0x08000e55   Thumb Code    52  io.o(i.IOGlobalInit)
    IOHi                                     0x08000e95   Thumb Code    12  io.o(i.IOHi)
    IOInit                                   0x08000ea1   Thumb Code     6  io.o(i.IOInit)
    IOWrite                                  0x08000ea7   Thumb Code    18  io.o(i.IOWrite)
    IO_GPIOPinIdx                            0x08000eb9   Thumb Code    20  io.o(i.IO_GPIOPinIdx)
    IO_GPIOPortIdx                           0x08000ecd   Thumb Code    18  io.o(i.IO_GPIOPortIdx)
    IO_GPIO_PinSource                        0x08000ee5   Thumb Code     4  io.o(i.IO_GPIO_PinSource)
    LedInit                                  0x08000ee9   Thumb Code   128  led.o(i.LedInit)
    LedSet                                   0x08000f71   Thumb Code    32  led.o(i.LedSet)
    NVIC_Init                                0x08000f99   Thumb Code    96  misc.o(i.NVIC_Init)
    NVIC_PriorityGroupConfig                 0x08000ffd   Thumb Code    10  misc.o(i.NVIC_PriorityGroupConfig)
    RCC_AHB1PeriphClockCmd                   0x08001011   Thumb Code    18  stm32f4xx_rcc.o(i.RCC_AHB1PeriphClockCmd)
    RCC_AHB1PeriphResetCmd                   0x08001029   Thumb Code    18  stm32f4xx_rcc.o(i.RCC_AHB1PeriphResetCmd)
    RCC_AHB2PeriphClockCmd                   0x08001041   Thumb Code    18  stm32f4xx_rcc.o(i.RCC_AHB2PeriphClockCmd)
    RCC_APB1PeriphClockCmd                   0x08001059   Thumb Code    18  stm32f4xx_rcc.o(i.RCC_APB1PeriphClockCmd)
    RCC_APB1PeriphResetCmd                   0x08001071   Thumb Code    18  stm32f4xx_rcc.o(i.RCC_APB1PeriphResetCmd)
    RCC_APB2PeriphClockCmd                   0x08001089   Thumb Code    18  stm32f4xx_rcc.o(i.RCC_APB2PeriphClockCmd)
    RCC_APB2PeriphResetCmd                   0x080010a1   Thumb Code    18  stm32f4xx_rcc.o(i.RCC_APB2PeriphResetCmd)
    RCC_ClearFlag                            0x080010b9   Thumb Code    12  stm32f4xx_rcc.o(i.RCC_ClearFlag)
    RCC_ClockCmd                             0x080010c9   Thumb Code    36  rcc.o(i.RCC_ClockCmd)
    RCC_GetClocksFreq                        0x080010ed   Thumb Code   132  stm32f4xx_rcc.o(i.RCC_GetClocksFreq)
    RCC_ResetCmd                             0x0800117d   Thumb Code    36  rcc.o(i.RCC_ResetCmd)
    ResetLedStatusConfig                     0x080011a1   Thumb Code    32  config.o(i.ResetLedStatusConfig)
    ResetLedTimerConfig                      0x080011c1   Thumb Code    40  config.o(i.ResetLedTimerConfig)
    ResetMotorConfig                         0x080011ed   Thumb Code    70  config.o(i.ResetMotorConfig)
    ResetSerialConfig                        0x08001239   Thumb Code    54  config.o(i.ResetSerialConfig)
    ResetSerialPinConfig                     0x08001275   Thumb Code    94  config.o(i.ResetSerialPinConfig)
    SPI_Cmd                                  0x080012d9   Thumb Code    20  stm32f4xx_spi.o(i.SPI_Cmd)
    SPI_I2S_DeInit                           0x080012ed   Thumb Code   108  stm32f4xx_spi.o(i.SPI_I2S_DeInit)
    SPI_Init                                 0x08001371   Thumb Code    56  stm32f4xx_spi.o(i.SPI_Init)
    SetSysClock                              0x080013a9   Thumb Code   162  system_stm32f4xx.o(i.SetSysClock)
    SysTick_Handler                          0x0800145d   Thumb Code    30  system.o(i.SysTick_Handler)
    SysTick_Init                             0x08001481   Thumb Code    24  system.o(i.SysTick_Init)
    SystemInit                               0x080014a5   Thumb Code    74  system_stm32f4xx.o(i.SystemInit)
    TIM1_CC_IRQHandler                       0x08001501   Thumb Code     8  timer.o(i.TIM1_CC_IRQHandler)
    TIM2_IRQHandler                          0x08001511   Thumb Code    10  timer.o(i.TIM2_IRQHandler)
    TIM3_IRQHandler                          0x08001521   Thumb Code     8  timer.o(i.TIM3_IRQHandler)
    TIM4_IRQHandler                          0x08001531   Thumb Code     8  timer.o(i.TIM4_IRQHandler)
    TIM_Cmd                                  0x08001541   Thumb Code    20  stm32f4xx_tim.o(i.TIM_Cmd)
    TIM_CtrlPWMOutputs                       0x08001555   Thumb Code    22  stm32f4xx_tim.o(i.TIM_CtrlPWMOutputs)
    TIM_OC1Init                              0x0800156d   Thumb Code    88  stm32f4xx_tim.o(i.TIM_OC1Init)
    TIM_OC1PreloadConfig                     0x080015cd   Thumb Code    12  stm32f4xx_tim.o(i.TIM_OC1PreloadConfig)
    TIM_OC2Init                              0x080015d9   Thumb Code   120  stm32f4xx_tim.o(i.TIM_OC2Init)
    TIM_OC2PreloadConfig                     0x08001659   Thumb Code    20  stm32f4xx_tim.o(i.TIM_OC2PreloadConfig)
    TIM_OC3Init                              0x0800166d   Thumb Code   116  stm32f4xx_tim.o(i.TIM_OC3Init)
    TIM_OC3PreloadConfig                     0x080016e9   Thumb Code    12  stm32f4xx_tim.o(i.TIM_OC3PreloadConfig)
    TIM_OC4Init                              0x080016f5   Thumb Code    88  stm32f4xx_tim.o(i.TIM_OC4Init)
    TIM_OC4PreloadConfig                     0x08001755   Thumb Code    20  stm32f4xx_tim.o(i.TIM_OC4PreloadConfig)
    TIM_OCStructInit                         0x08001769   Thumb Code    20  stm32f4xx_tim.o(i.TIM_OCStructInit)
    TIM_TimeBaseInit                         0x0800177d   Thumb Code    96  stm32f4xx_tim.o(i.TIM_TimeBaseInit)
    TIM_TimeBaseStructInit                   0x080017f9   Thumb Code    18  stm32f4xx_tim.o(i.TIM_TimeBaseStructInit)
    USART1_IRQHandler                        0x0800180d   Thumb Code    10  serial_uart_stm32f4xx.o(i.USART1_IRQHandler)
    USART3_IRQHandler                        0x0800181d   Thumb Code    10  serial_uart_stm32f4xx.o(i.USART3_IRQHandler)
    USART6_IRQHandler                        0x0800182d   Thumb Code    10  serial_uart_stm32f4xx.o(i.USART6_IRQHandler)
    USART_ClearITPendingBit                  0x0800183d   Thumb Code    12  stm32f4xx_usart.o(i.USART_ClearITPendingBit)
    USART_Cmd                                0x08001849   Thumb Code    20  stm32f4xx_usart.o(i.USART_Cmd)
    USART_DMACmd                             0x0800185d   Thumb Code    16  stm32f4xx_usart.o(i.USART_DMACmd)
    USART_GetITStatus                        0x0800186d   Thumb Code    62  stm32f4xx_usart.o(i.USART_GetITStatus)
    USART_HalfDuplexCmd                      0x080018ab   Thumb Code    20  stm32f4xx_usart.o(i.USART_HalfDuplexCmd)
    USART_ITConfig                           0x080018bf   Thumb Code    48  stm32f4xx_usart.o(i.USART_ITConfig)
    USART_Init                               0x080018f1   Thumb Code   164  stm32f4xx_usart.o(i.USART_Init)
    USART_SendData                           0x0800199d   Thumb Code     8  stm32f4xx_usart.o(i.USART_SendData)
    activateConfig                           0x080019a5   Thumb Code    38  config.o(i.activateConfig)
    calculateRxChannelsAndUpdateFailsafe     0x08001a51   Thumb Code    48  rx.o(i.calculateRxChannelsAndUpdateFailsafe)
    checkEEPROMContainsValidData             0x08001a85   Thumb Code     4  config.o(i.checkEEPROMContainsValidData)
    configTimeBaseMhz                        0x08001a89   Thumb Code    68  timer.o(i.configTimeBaseMhz)
    createDefaultConfig                      0x08001ae5   Thumb Code   450  config.o(i.createDefaultConfig)
    delay                                    0x08001cc5   Thumb Code    22  system.o(i.delay)
    delayMicroseconds                        0x08001cdd   Thumb Code    24  system.o(i.delayMicroseconds)
    feature                                  0x08001e05   Thumb Code    16  feature.o(i.feature)
    featureClear                             0x08001e19   Thumb Code    10  feature.o(i.featureClear)
    featureConfigured                        0x08001e29   Thumb Code    16  feature.o(i.featureConfigured)
    featureSet                               0x08001e3d   Thumb Code    10  feature.o(i.featureSet)
    findNextSerialPortConfig                 0x08001e4d   Thumb Code    36  serial.o(i.findNextSerialPortConfig)
    findSerialPortConfig                     0x08001e75   Thumb Code    10  serial.o(i.findSerialPortConfig)
    findSerialPortIndexByIdentifier          0x08001e85   Thumb Code    24  serial.o(i.findSerialPortIndexByIdentifier)
    findSerialPortUsageByIdentifier          0x08001ea1   Thumb Code    36  serial.o(i.findSerialPortUsageByIdentifier)
    fputc                                    0x08001ec9   Thumb Code    14  main.o(i.fputc)
    generateThrottleCurve                    0x08001ed9   Thumb Code   116  fc_rc.o(i.generateThrottleCurve)
    getMotorCount                            0x08001f55   Thumb Code     6  mixer.o(i.getMotorCount)
    initEEPROM                               0x08001f8d   Thumb Code     2  config_eeprom.o(i.initEEPROM)
    initEscEndpoints                         0x08001f91   Thumb Code    38  mixer.o(i.initEscEndpoints)
    intFeatureClearAll                       0x08001fbd   Thumb Code     6  feature.o(i.intFeatureClearAll)
    intFeatureSet                            0x08001fc3   Thumb Code     8  feature.o(i.intFeatureSet)
    isEEPROMContentValid                     0x08001fcd   Thumb Code   146  config_eeprom.o(i.isEEPROMContentValid)
    isModeActivationConditionPresent         0x0800221d   Thumb Code    38  rc_controls.o(i.isModeActivationConditionPresent)
    isUartTransmitBufferEmpty                0x08002243   Thumb Code    26  serial_uart.o(i.isUartTransmitBufferEmpty)
    latchActiveFeatures                      0x0800225d   Thumb Code    10  feature.o(i.latchActiveFeatures)
    ledTimerMhzInit                          0x08002271   Thumb Code   120  pwm_output.o(i.ledTimerMhzInit)
    main                                     0x0800233d   Thumb Code   188  main.o(i.main)
    micros                                   0x08002411   Thumb Code    74  system.o(i.micros)
    microsISR                                0x08002465   Thumb Code    72  system.o(i.microsISR)
    millis                                   0x080024b1   Thumb Code     6  system.o(i.millis)
    mixTable                                 0x080024bd   Thumb Code    28  mixer.o(i.mixTable)
    mixerConfigurationOutput                 0x080024e5   Thumb Code    44  mixer.o(i.mixerConfigurationOutput)
    mixerInit                                0x0800251d   Thumb Code    10  mixer.o(i.mixerInit)
    mixerResetDisarmedMotors                 0x0800252d   Thumb Code    24  mixer.o(i.mixerResetDisarmedMotors)
    mixerUseConfigs                          0x0800254d   Thumb Code     8  mixer.o(i.mixerUseConfigs)
    motorInit                                0x08002559   Thumb Code   272  pwm_output.o(i.motorInit)
    openSerialPort                           0x080026b9   Thumb Code    94  serial.o(i.openSerialPort)
    parseRcChannels                          0x08002725   Thumb Code    50  rx.o(i.parseRcChannels)
    processRx                                0x0800275d   Thumb Code     4  fc_core.o(i.processRx)
    pwmAreMotorsEnabled                      0x08002761   Thumb Code     6  pwm_output.o(i.pwmAreMotorsEnabled)
    pwmCompleteMotorUpdate                   0x0800276d   Thumb Code     6  pwm_output.o(i.pwmCompleteMotorUpdate)
    pwmWriteMotor                            0x08002855   Thumb Code     6  pwm_output.o(i.pwmWriteMotor)
    readEEPROM                               0x08002879   Thumb Code    54  config_eeprom.o(i.readEEPROM)
    resetAllRxChannelRangeConfigurations     0x08002981   Thumb Code    24  rx.o(i.resetAllRxChannelRangeConfigurations)
    resetEEPROM                              0x08002999   Thumb Code    18  config.o(i.resetEEPROM)
    resetProfile                             0x08002a75   Thumb Code    92  config.o(i.resetProfile)
    resetRcControlsConfig                    0x08002ad1   Thumb Code    16  config.o(i.resetRcControlsConfig)
    rxInit                                   0x08002ae1   Thumb Code   180  rx.o(i.rxInit)
    rxSerial3TestInit                        0x08002bb9   Thumb Code    40  rxserial3test.o(i.rxSerial3TestInit)
    rxSerial3TestWrite                       0x08002be5   Thumb Code    10  rxserial3test.o(i.rxSerial3TestWrite)
    rxUpdateCheck                            0x08002bf5   Thumb Code    76  rx.o(i.rxUpdateCheck)
    sbusInit                                 0x08002d71   Thumb Code   104  sbus.o(i.sbusInit)
    scaleRange                               0x08002e09   Thumb Code    24  maths.o(i.scaleRange)
    serialInit                               0x08002e21   Thumb Code    38  serial.o(i.serialInit)
    serialRxInit                             0x08002e55   Thumb Code    18  rx.o(i.serialRxInit)
    serialUART                               0x08002e69   Thumb Code   264  serial_uart_stm32f4xx.o(i.serialUART)
    serialUART1                              0x08002f79   Thumb Code    12  serial_uart_stm32f4xx.o(i.serialUART1)
    serialUART3                              0x08002f85   Thumb Code    12  serial_uart_stm32f4xx.o(i.serialUART3)
    serialUART6                              0x08002f91   Thumb Code    12  serial_uart_stm32f4xx.o(i.serialUART6)
    serialWrite                              0x08002f9d   Thumb Code     6  serial.o(i.serialWrite)
    setProfile                               0x08002fa5   Thumb Code    42  config.o(i.setProfile)
    spiInit                                  0x08002fd9   Thumb Code    26  bus_spi.o(i.spiInit)
    spiInitDevice                            0x08002ff5   Thumb Code   258  bus_spi.o(i.spiInitDevice)
    systemInit                               0x0800310d   Thumb Code    70  main.o(i.systemInit)
    targetConfiguration                      0x0800315d   Thumb Code    54  config.o(i.targetConfiguration)
    taskMainPidLoop                          0x08003195   Thumb Code    58  fc_core.o(i.taskMainPidLoop)
    taskUpdateRxMain                         0x080031dd   Thumb Code    20  fc_tasks.o(i.taskUpdateRxMain)
    timerChCCR                               0x0800326f   Thumb Code    10  timer.o(i.timerChCCR)
    timerClockDivisor                        0x08003279   Thumb Code    38  timer_stm32f4xx.o(i.timerClockDivisor)
    timerForceOverflow                       0x080032b5   Thumb Code    46  timer.o(i.timerForceOverflow)
    timerGetByTag                            0x080032e9   Thumb Code    54  timer.o(i.timerGetByTag)
    timerInit                                0x08003325   Thumb Code   120  timer.o(i.timerInit)
    timerOCInit                              0x080033a9   Thumb Code    40  timer.o(i.timerOCInit)
    timerOCPreloadConfig                     0x080033d1   Thumb Code    40  timer.o(i.timerOCPreloadConfig)
    timerRCC                                 0x080033f9   Thumb Code    30  timer.o(i.timerRCC)
    uartIrqHandler                           0x0800341d   Thumb Code   150  serial_uart_stm32f4xx.o(i.uartIrqHandler)
    uartOpen                                 0x080034b5   Thumb Code   360  serial_uart.o(i.uartOpen)
    uartRead                                 0x08003629   Thumb Code    44  serial_uart.o(i.uartRead)
    uartSetBaudRate                          0x080036e1   Thumb Code     6  serial_uart.o(i.uartSetBaudRate)
    uartSetMode                              0x080036e7   Thumb Code     6  serial_uart.o(i.uartSetMode)
    uartStartTxDMA                           0x080036ed   Thumb Code    74  serial_uart.o(i.uartStartTxDMA)
    uartTotalRxBytesWaiting                  0x08003737   Thumb Code    24  serial_uart.o(i.uartTotalRxBytesWaiting)
    uartTotalTxBytesFree                     0x0800374f   Thumb Code    38  serial_uart.o(i.uartTotalTxBytesFree)
    uartWrite                                0x08003775   Thumb Code    48  serial_uart.o(i.uartWrite)
    updateRcCommands                         0x080037a5   Thumb Code   274  fc_rc.o(i.updateRcCommands)
    useRcControlsConfig                      0x080038d5   Thumb Code    22  rc_controls.o(i.useRcControlsConfig)
    validateAndFixConfig                     0x080038f1   Thumb Code    64  config.o(i.validateAndFixConfig)
    validateAndFixGyroConfig                 0x08003931   Thumb Code    38  config.o(i.validateAndFixGyroConfig)
    writeEEPROM                              0x0800395d   Thumb Code   146  config_eeprom.o(i.writeEEPROM)
    writeMotors                              0x08003a19   Thumb Code   114  mixer.o(i.writeMotors)
    _get_lc_ctype                            0x08003b19   Thumb Code    44  lc_ctype_c.o(locale$$code)
    _fp_init                                 0x08003b45   Thumb Code    10  fpinit.o(x$fpl$fpinit)
    __fplib_config_fpu_vfp                   0x08003b4d   Thumb Code     0  fpinit.o(x$fpl$fpinit)
    __fplib_config_pureend_doubles           0x08003b4d   Thumb Code     0  fpinit.o(x$fpl$fpinit)
    timerHardware                            0x08003b50   Data         168  target.o(.constdata)
    ioPortDefs                               0x08003c17   Data           6  io.o(.constdata)
    serialPortIdentifiers                    0x08003c32   Data           3  serial.o(.constdata)
    uartVTable                               0x08003c38   Data          40  serial_uart.o(.constdata)
    timerDefinitions                         0x08003c60   Data         112  timer_stm32f4xx.o(.constdata)
    rcChannelLetters                         0x08003d17   Data          21  rx.o(.constdata)
    Region$$Table$$Base                      0x08003d2c   Number         0  anon$$obj.o(Region$$Table)
    Region$$Table$$Limit                     0x08003d4c   Number         0  anon$$obj.o(Region$$Table)
    __ctype                                  0x08003d59   Data           0  lc_ctype_c.o(locale$$data)
    SystemCoreClock                          0x20000010   Data           4  system_stm32f4xx.o(.data)
    AHBPrescTable                            0x20000014   Data          16  system_stm32f4xx.o(.data)
    systemState                              0x20000024   Data           1  main.o(.data)
    __stdout                                 0x20000028   Data           4  main.o(.data)
    sysTickUptime                            0x20000030   Data           4  system.o(.data)
    pwmMotorsEnabled                         0x20000050   Data           1  pwm_output.o(.data)
    timerInfo                                0x20000df4   Data           6  timer.o(.data)
    currentProfile                           0x20000e00   Data           4  config.o(.data)
    currentControlRateProfile                0x20000e04   Data           4  config.o(.data)
    motorControlEnable                       0x20000e08   Data           1  fc_core.o(.data)
    isRXDataNew                              0x20000e10   Data           1  fc_core.o(.data)
    rcCommand                                0x20000e24   Data           8  rc_controls.o(.data)
    currentMixerMode                         0x20000e2d   Data           1  mixer.o(.data)
    motorOutputHigh                          0x20000e30   Data           2  mixer.o(.data)
    motorOutputLow                           0x20000e32   Data           2  mixer.o(.data)
    rxConfig                                 0x20000e40   Data           4  mixer.o(.data)
    debug                                    0x20000e74   Data           8  debug.o(.data)
    debugMode                                0x20000e7c   Data           1  debug.o(.data)
    clocks                                   0x20000e80   Data          16  system.o(.bss)
    extiChannelRecs                          0x20000e90   Data          64  exti.o(.bss)
    ioRecs                                   0x20000ed0   Data         640  io.o(.bss)
    timerConfig                              0x200012c4   Data         240  timer.o(.bss)
    timerChannelInfo                         0x200013b4   Data          14  timer.o(.bss)
    masterConfig                             0x200013c4   Data         876  config.o(.bss)
    motor                                    0x20001748   Data          24  mixer.o(.bss)
    motor_disarmed                           0x20001760   Data          24  mixer.o(.bss)
    rxRuntimeConfig                          0x20001be4   Data          12  rx.o(.bss)
    rcRaw                                    0x20001bf0   Data          36  rx.o(.bss)
    rcData                                   0x20001c14   Data          36  rx.o(.bss)
    rcInvalidPulsPeriod                      0x20001c38   Data          72  rx.o(.bss)
    __libspace_start                         0x20001ce4   Data          96  libspace.o(.bss)
    __temporary_stack_top$libspace           0x20001d44   Data           0  libspace.o(.bss)



==============================================================================

Memory Map of the image

  Image Entry point : 0x08000189

  Load Region LR_IROM1 (Base: 0x08000000, Size: 0x00004cdc, Max: 0x00100000, ABSOLUTE, COMPRESSED[0x00003ee0])

    Execution Region ER_IROM1 (Exec base: 0x08000000, Load base: 0x08000000, Size: 0x00003e5c, Max: 0x00100000, ABSOLUTE)

    Exec Addr    Load Addr    Size         Type   Attr      Idx    E Section Name        Object

    0x08000000   0x08000000   0x00000188   Data   RO            3    RESET               startup_stm32f407xx.o
    0x08000188   0x08000188   0x00000008   Code   RO         5464  * !!!main             c_w.l(__main.o)
    0x08000190   0x08000190   0x00000034   Code   RO         5811    !!!scatter          c_w.l(__scatter.o)
    0x080001c4   0x080001c4   0x0000005a   Code   RO         5809    !!dczerorl2         c_w.l(__dczerorl2.o)
    0x0800021e   0x0800021e   0x00000002   PAD
    0x08000220   0x08000220   0x0000001c   Code   RO         5813    !!handler_zi        c_w.l(__scatter_zi.o)
    0x0800023c   0x0800023c   0x00000000   Code   RO         5442    .ARM.Collect$$_printf_percent$$00000000  c_w.l(_printf_percent.o)
    0x0800023c   0x0800023c   0x00000006   Code   RO         5439    .ARM.Collect$$_printf_percent$$00000009  c_w.l(_printf_d.o)
    0x08000242   0x08000242   0x00000006   Code   RO         5440    .ARM.Collect$$_printf_percent$$0000000A  c_w.l(_printf_u.o)
    0x08000248   0x08000248   0x00000006   Code   RO         5437    .ARM.Collect$$_printf_percent$$00000014  c_w.l(_printf_s.o)
    0x0800024e   0x0800024e   0x00000004   Code   RO         5565    .ARM.Collect$$_printf_percent$$00000017  c_w.l(_printf_percent_end.o)
    0x08000252   0x08000252   0x00000002   Code   RO         5735    .ARM.Collect$$libinit$$00000000  c_w.l(libinit.o)
    0x08000254   0x08000254   0x00000004   Code   RO         5566    .ARM.Collect$$libinit$$00000001  c_w.l(libinit2.o)
    0x08000258   0x08000258   0x00000000   Code   RO         5569    .ARM.Collect$$libinit$$00000004  c_w.l(libinit2.o)
    0x08000258   0x08000258   0x00000000   Code   RO         5572    .ARM.Collect$$libinit$$0000000A  c_w.l(libinit2.o)
    0x08000258   0x08000258   0x00000000   Code   RO         5574    .ARM.Collect$$libinit$$0000000C  c_w.l(libinit2.o)
    0x08000258   0x08000258   0x00000000   Code   RO         5576    .ARM.Collect$$libinit$$0000000E  c_w.l(libinit2.o)
    0x08000258   0x08000258   0x00000006   Code   RO         5577    .ARM.Collect$$libinit$$0000000F  c_w.l(libinit2.o)
    0x0800025e   0x0800025e   0x00000000   Code   RO         5579    .ARM.Collect$$libinit$$00000011  c_w.l(libinit2.o)
    0x0800025e   0x0800025e   0x0000000c   Code   RO         5580    .ARM.Collect$$libinit$$00000012  c_w.l(libinit2.o)
    0x0800026a   0x0800026a   0x00000000   Code   RO         5581    .ARM.Collect$$libinit$$00000013  c_w.l(libinit2.o)
    0x0800026a   0x0800026a   0x00000000   Code   RO         5583    .ARM.Collect$$libinit$$00000015  c_w.l(libinit2.o)
    0x0800026a   0x0800026a   0x00000000   Code   RO         5585    .ARM.Collect$$libinit$$00000017  c_w.l(libinit2.o)
    0x0800026a   0x0800026a   0x00000000   Code   RO         5587    .ARM.Collect$$libinit$$00000019  c_w.l(libinit2.o)
    0x0800026a   0x0800026a   0x00000000   Code   RO         5589    .ARM.Collect$$libinit$$0000001B  c_w.l(libinit2.o)
    0x0800026a   0x0800026a   0x00000000   Code   RO         5591    .ARM.Collect$$libinit$$0000001D  c_w.l(libinit2.o)
    0x0800026a   0x0800026a   0x00000000   Code   RO         5593    .ARM.Collect$$libinit$$0000001F  c_w.l(libinit2.o)
    0x0800026a   0x0800026a   0x00000000   Code   RO         5595    .ARM.Collect$$libinit$$00000021  c_w.l(libinit2.o)
    0x0800026a   0x0800026a   0x00000000   Code   RO         5597    .ARM.Collect$$libinit$$00000023  c_w.l(libinit2.o)
    0x0800026a   0x0800026a   0x00000000   Code   RO         5599    .ARM.Collect$$libinit$$00000025  c_w.l(libinit2.o)
    0x0800026a   0x0800026a   0x00000000   Code   RO         5603    .ARM.Collect$$libinit$$0000002C  c_w.l(libinit2.o)
    0x0800026a   0x0800026a   0x00000000   Code   RO         5605    .ARM.Collect$$libinit$$0000002E  c_w.l(libinit2.o)
    0x0800026a   0x0800026a   0x00000000   Code   RO         5607    .ARM.Collect$$libinit$$00000030  c_w.l(libinit2.o)
    0x0800026a   0x0800026a   0x00000000   Code   RO         5609    .ARM.Collect$$libinit$$00000032  c_w.l(libinit2.o)
    0x0800026a   0x0800026a   0x00000002   Code   RO         5610    .ARM.Collect$$libinit$$00000033  c_w.l(libinit2.o)
    0x0800026c   0x0800026c   0x00000002   Code   RO         5770    .ARM.Collect$$libshutdown$$00000000  c_w.l(libshutdown.o)
    0x0800026e   0x0800026e   0x00000000   Code   RO         5776    .ARM.Collect$$libshutdown$$00000002  c_w.l(libshutdown2.o)
    0x0800026e   0x0800026e   0x00000000   Code   RO         5778    .ARM.Collect$$libshutdown$$00000004  c_w.l(libshutdown2.o)
    0x0800026e   0x0800026e   0x00000000   Code   RO         5781    .ARM.Collect$$libshutdown$$00000007  c_w.l(libshutdown2.o)
    0x0800026e   0x0800026e   0x00000000   Code   RO         5784    .ARM.Collect$$libshutdown$$0000000A  c_w.l(libshutdown2.o)
    0x0800026e   0x0800026e   0x00000000   Code   RO         5786    .ARM.Collect$$libshutdown$$0000000C  c_w.l(libshutdown2.o)
    0x0800026e   0x0800026e   0x00000000   Code   RO         5789    .ARM.Collect$$libshutdown$$0000000F  c_w.l(libshutdown2.o)
    0x0800026e   0x0800026e   0x00000002   Code   RO         5790    .ARM.Collect$$libshutdown$$00000010  c_w.l(libshutdown2.o)
    0x08000270   0x08000270   0x00000000   Code   RO         5552    .ARM.Collect$$rtentry$$00000000  c_w.l(__rtentry.o)
    0x08000270   0x08000270   0x00000000   Code   RO         5642    .ARM.Collect$$rtentry$$00000002  c_w.l(__rtentry2.o)
    0x08000270   0x08000270   0x00000006   Code   RO         5654    .ARM.Collect$$rtentry$$00000004  c_w.l(__rtentry4.o)
    0x08000276   0x08000276   0x00000000   Code   RO         5644    .ARM.Collect$$rtentry$$00000009  c_w.l(__rtentry2.o)
    0x08000276   0x08000276   0x00000004   Code   RO         5645    .ARM.Collect$$rtentry$$0000000A  c_w.l(__rtentry2.o)
    0x0800027a   0x0800027a   0x00000000   Code   RO         5647    .ARM.Collect$$rtentry$$0000000C  c_w.l(__rtentry2.o)
    0x0800027a   0x0800027a   0x00000008   Code   RO         5648    .ARM.Collect$$rtentry$$0000000D  c_w.l(__rtentry2.o)
    0x08000282   0x08000282   0x00000002   Code   RO         5738    .ARM.Collect$$rtexit$$00000000  c_w.l(rtexit.o)
    0x08000284   0x08000284   0x00000000   Code   RO         5750    .ARM.Collect$$rtexit$$00000002  c_w.l(rtexit2.o)
    0x08000284   0x08000284   0x00000004   Code   RO         5751    .ARM.Collect$$rtexit$$00000003  c_w.l(rtexit2.o)
    0x08000288   0x08000288   0x00000006   Code   RO         5752    .ARM.Collect$$rtexit$$00000004  c_w.l(rtexit2.o)
    0x0800028e   0x0800028e   0x00000002   PAD
    0x08000290   0x08000290   0x00000040   Code   RO            4    .text               startup_stm32f407xx.o
    0x080002d0   0x080002d0   0x00000018   Code   RO         5388    .text               c_w.l(noretval__2printf.o)
    0x080002e8   0x080002e8   0x00000068   Code   RO         5390    .text               c_w.l(__printf.o)
    0x08000350   0x08000350   0x00000052   Code   RO         5392    .text               c_w.l(_printf_str.o)
    0x080003a2   0x080003a2   0x00000002   PAD
    0x080003a4   0x080003a4   0x00000078   Code   RO         5394    .text               c_w.l(_printf_dec.o)
    0x0800041c   0x0800041c   0x00000014   Code   RO         5448    .text               c_w.l(strchr.o)
    0x08000430   0x08000430   0x00000032   Code   RO         5450    .text               c_w.l(strncasecmp.o)
    0x08000462   0x08000462   0x00000064   Code   RO         5452    .text               c_w.l(rt_memcpy_w.o)
    0x080004c6   0x080004c6   0x00000010   Code   RO         5454    .text               c_w.l(aeabi_memset.o)
    0x080004d6   0x080004d6   0x00000044   Code   RO         5456    .text               c_w.l(rt_memclr.o)
    0x0800051a   0x0800051a   0x0000004e   Code   RO         5458    .text               c_w.l(rt_memclr_w.o)
    0x08000568   0x08000568   0x00000056   Code   RO         5460    .text               c_w.l(strncpy.o)
    0x080005be   0x080005be   0x00000006   Code   RO         5462    .text               c_w.l(heapauxi.o)
    0x080005c4   0x080005c4   0x0000001a   Code   RO         5555    .text               c_w.l(tolower.o)
    0x080005de   0x080005de   0x000000b2   Code   RO         5557    .text               c_w.l(_printf_intcommon.o)
    0x08000690   0x08000690   0x0000002c   Code   RO         5561    .text               c_w.l(_printf_char.o)
    0x080006bc   0x080006bc   0x00000024   Code   RO         5563    .text               c_w.l(_printf_char_file.o)
    0x080006e0   0x080006e0   0x00000010   Code   RO         5656    .text               c_w.l(rt_ctype_table.o)
    0x080006f0   0x080006f0   0x00000008   Code   RO         5661    .text               c_w.l(rt_locale_intlibspace.o)
    0x080006f8   0x080006f8   0x00000030   Code   RO         5670    .text               c_w.l(_printf_char_common.o)
    0x08000728   0x08000728   0x00000008   Code   RO         5699    .text               c_w.l(ferror.o)
    0x08000730   0x08000730   0x00000008   Code   RO         5712    .text               c_w.l(libspace.o)
    0x08000738   0x08000738   0x0000004a   Code   RO         5715    .text               c_w.l(sys_stackheap_outer.o)
    0x08000782   0x08000782   0x00000012   Code   RO         5722    .text               c_w.l(exit.o)
    0x08000794   0x08000794   0x00000080   Code   RO         5724    .text               c_w.l(strcmpv7m.o)
    0x08000814   0x08000814   0x00000002   Code   RO         5746    .text               c_w.l(use_no_semi.o)
    0x08000816   0x08000816   0x00000000   Code   RO         5748    .text               c_w.l(indicate_semi.o)
    0x08000816   0x08000816   0x00000002   PAD
    0x08000818   0x08000818   0x0000000c   Code   RO         5762    .text               c_w.l(sys_exit.o)
    0x08000824   0x08000824   0x00000014   Code   RO          123    i.DMA_Cmd           stm32f4xx_dma.o
    0x08000838   0x08000838   0x00000124   Code   RO          124    i.DMA_DeInit        stm32f4xx_dma.o
    0x0800095c   0x0800095c   0x00000006   Code   RO          129    i.DMA_GetCurrDataCounter  stm32f4xx_dma.o
    0x08000962   0x08000962   0x0000002c   Code   RO          134    i.DMA_ITConfig      stm32f4xx_dma.o
    0x0800098e   0x0800098e   0x00000002   PAD
    0x08000990   0x08000990   0x00000054   Code   RO          135    i.DMA_Init          stm32f4xx_dma.o
    0x080009e4   0x080009e4   0x0000000a   Code   RO          136    i.DMA_MemoryTargetConfig  stm32f4xx_dma.o
    0x080009ee   0x080009ee   0x00000004   Code   RO          138    i.DMA_SetCurrDataCounter  stm32f4xx_dma.o
    0x080009f2   0x080009f2   0x00000022   Code   RO          139    i.DMA_StructInit    stm32f4xx_dma.o
    0x08000a14   0x08000a14   0x00000004   Code   RO         2750    i.EXTI0_IRQHandler  exti.o
    0x08000a18   0x08000a18   0x00000004   Code   RO         2751    i.EXTI15_10_IRQHandler  exti.o
    0x08000a1c   0x08000a1c   0x00000004   Code   RO         2752    i.EXTI1_IRQHandler  exti.o
    0x08000a20   0x08000a20   0x00000004   Code   RO         2753    i.EXTI2_IRQHandler  exti.o
    0x08000a24   0x08000a24   0x00000004   Code   RO         2754    i.EXTI3_IRQHandler  exti.o
    0x08000a28   0x08000a28   0x00000004   Code   RO         2755    i.EXTI4_IRQHandler  exti.o
    0x08000a2c   0x08000a2c   0x00000004   Code   RO         2756    i.EXTI9_5_IRQHandler  exti.o
    0x08000a30   0x08000a30   0x00000028   Code   RO         2760    i.EXTIInit          exti.o
    0x08000a58   0x08000a58   0x00000040   Code   RO         2762    i.EXTI_IRQHandler   exti.o
    0x08000a98   0x08000a98   0x00000094   Code   RO         2140    i.EnableGPIOClk     main.o
    0x08000b2c   0x08000b2c   0x0000000c   Code   RO          319    i.FLASH_ClearFlag   stm32f4xx_flash.o
    0x08000b38   0x08000b38   0x0000006c   Code   RO          325    i.FLASH_EraseSector  stm32f4xx_flash.o
    0x08000ba4   0x08000ba4   0x0000003c   Code   RO          327    i.FLASH_GetStatus   stm32f4xx_flash.o
    0x08000be0   0x08000be0   0x00000010   Code   RO          331    i.FLASH_Lock        stm32f4xx_flash.o
    0x08000bf0   0x08000bf0   0x0000003c   Code   RO          355    i.FLASH_ProgramWord  stm32f4xx_flash.o
    0x08000c2c   0x08000c2c   0x00000024   Code   RO          357    i.FLASH_Unlock      stm32f4xx_flash.o
    0x08000c50   0x08000c50   0x0000001e   Code   RO          358    i.FLASH_WaitForLastOperation  stm32f4xx_flash.o
    0x08000c6e   0x08000c6e   0x000000a2   Code   RO          611    i.GPIO_Init         stm32f4xx_gpio.o
    0x08000d10   0x08000d10   0x00000020   Code   RO          612    i.GPIO_PinAFConfig  stm32f4xx_gpio.o
    0x08000d30   0x08000d30   0x00000012   Code   RO          620    i.GPIO_StructInit   stm32f4xx_gpio.o
    0x08000d42   0x08000d42   0x00000002   PAD
    0x08000d44   0x08000d44   0x00000048   Code   RO         2938    i.IOConfigGPIO      io.o
    0x08000d8c   0x08000d8c   0x0000005c   Code   RO         2939    i.IOConfigGPIOAF    io.o
    0x08000de8   0x08000de8   0x0000006c   Code   RO         2940    i.IOGetByTag        io.o
    0x08000e54   0x08000e54   0x00000040   Code   RO         2941    i.IOGlobalInit      io.o
    0x08000e94   0x08000e94   0x0000000c   Code   RO         2942    i.IOHi              io.o
    0x08000ea0   0x08000ea0   0x00000006   Code   RO         2943    i.IOInit            io.o
    0x08000ea6   0x08000ea6   0x00000012   Code   RO         2948    i.IOWrite           io.o
    0x08000eb8   0x08000eb8   0x00000014   Code   RO         2953    i.IO_GPIOPinIdx     io.o
    0x08000ecc   0x08000ecc   0x00000018   Code   RO         2954    i.IO_GPIOPortIdx    io.o
    0x08000ee4   0x08000ee4   0x00000004   Code   RO         2955    i.IO_GPIO_PinSource  io.o
    0x08000ee8   0x08000ee8   0x00000088   Code   RO         3078    i.LedInit           led.o
    0x08000f70   0x08000f70   0x00000028   Code   RO         3079    i.LedSet            led.o
    0x08000f98   0x08000f98   0x00000064   Code   RO           13    i.NVIC_Init         misc.o
    0x08000ffc   0x08000ffc   0x00000014   Code   RO           14    i.NVIC_PriorityGroupConfig  misc.o
    0x08001010   0x08001010   0x00000018   Code   RO          712    i.RCC_AHB1PeriphClockCmd  stm32f4xx_rcc.o
    0x08001028   0x08001028   0x00000018   Code   RO          714    i.RCC_AHB1PeriphResetCmd  stm32f4xx_rcc.o
    0x08001040   0x08001040   0x00000018   Code   RO          715    i.RCC_AHB2PeriphClockCmd  stm32f4xx_rcc.o
    0x08001058   0x08001058   0x00000018   Code   RO          721    i.RCC_APB1PeriphClockCmd  stm32f4xx_rcc.o
    0x08001070   0x08001070   0x00000018   Code   RO          723    i.RCC_APB1PeriphResetCmd  stm32f4xx_rcc.o
    0x08001088   0x08001088   0x00000018   Code   RO          724    i.RCC_APB2PeriphClockCmd  stm32f4xx_rcc.o
    0x080010a0   0x080010a0   0x00000018   Code   RO          726    i.RCC_APB2PeriphResetCmd  stm32f4xx_rcc.o
    0x080010b8   0x080010b8   0x00000010   Code   RO          729    i.RCC_ClearFlag     stm32f4xx_rcc.o
    0x080010c8   0x080010c8   0x00000024   Code   RO         3231    i.RCC_ClockCmd      rcc.o
    0x080010ec   0x080010ec   0x00000090   Code   RO          733    i.RCC_GetClocksFreq  stm32f4xx_rcc.o
    0x0800117c   0x0800117c   0x00000024   Code   RO         3232    i.RCC_ResetCmd      rcc.o
    0x080011a0   0x080011a0   0x00000020   Code   RO         4295    i.ResetLedStatusConfig  config.o
    0x080011c0   0x080011c0   0x0000002c   Code   RO         4296    i.ResetLedTimerConfig  config.o
    0x080011ec   0x080011ec   0x0000004c   Code   RO         4298    i.ResetMotorConfig  config.o
    0x08001238   0x08001238   0x0000003c   Code   RO         4299    i.ResetSerialConfig  config.o
    0x08001274   0x08001274   0x00000064   Code   RO         4300    i.ResetSerialPinConfig  config.o
    0x080012d8   0x080012d8   0x00000014   Code   RO         1056    i.SPI_Cmd           stm32f4xx_spi.o
    0x080012ec   0x080012ec   0x00000084   Code   RO         1063    i.SPI_I2S_DeInit    stm32f4xx_spi.o
    0x08001370   0x08001370   0x00000038   Code   RO         1069    i.SPI_Init          stm32f4xx_spi.o
    0x080013a8   0x080013a8   0x000000b4   Code   RO         2097    i.SetSysClock       system_stm32f4xx.o
    0x0800145c   0x0800145c   0x00000024   Code   RO         2344    i.SysTick_Handler   system.o
    0x08001480   0x08001480   0x00000024   Code   RO         2345    i.SysTick_Init      system.o
    0x080014a4   0x080014a4   0x0000005c   Code   RO         2099    i.SystemInit        system_stm32f4xx.o
    0x08001500   0x08001500   0x00000010   Code   RO         3716    i.TIM1_CC_IRQHandler  timer.o
    0x08001510   0x08001510   0x00000010   Code   RO         3717    i.TIM2_IRQHandler   timer.o
    0x08001520   0x08001520   0x00000010   Code   RO         3718    i.TIM3_IRQHandler   timer.o
    0x08001530   0x08001530   0x00000010   Code   RO         3719    i.TIM4_IRQHandler   timer.o
    0x08001540   0x08001540   0x00000014   Code   RO         1292    i.TIM_Cmd           stm32f4xx_tim.o
    0x08001554   0x08001554   0x00000016   Code   RO         1294    i.TIM_CtrlPWMOutputs  stm32f4xx_tim.o
    0x0800156a   0x0800156a   0x00000002   PAD
    0x0800156c   0x0800156c   0x00000060   Code   RO         1321    i.TIM_OC1Init       stm32f4xx_tim.o
    0x080015cc   0x080015cc   0x0000000c   Code   RO         1324    i.TIM_OC1PreloadConfig  stm32f4xx_tim.o
    0x080015d8   0x080015d8   0x00000080   Code   RO         1326    i.TIM_OC2Init       stm32f4xx_tim.o
    0x08001658   0x08001658   0x00000014   Code   RO         1329    i.TIM_OC2PreloadConfig  stm32f4xx_tim.o
    0x0800166c   0x0800166c   0x0000007c   Code   RO         1331    i.TIM_OC3Init       stm32f4xx_tim.o
    0x080016e8   0x080016e8   0x0000000c   Code   RO         1334    i.TIM_OC3PreloadConfig  stm32f4xx_tim.o
    0x080016f4   0x080016f4   0x00000060   Code   RO         1336    i.TIM_OC4Init       stm32f4xx_tim.o
    0x08001754   0x08001754   0x00000014   Code   RO         1338    i.TIM_OC4PreloadConfig  stm32f4xx_tim.o
    0x08001768   0x08001768   0x00000014   Code   RO         1339    i.TIM_OCStructInit  stm32f4xx_tim.o
    0x0800177c   0x0800177c   0x0000007c   Code   RO         1364    i.TIM_TimeBaseInit  stm32f4xx_tim.o
    0x080017f8   0x080017f8   0x00000012   Code   RO         1365    i.TIM_TimeBaseStructInit  stm32f4xx_tim.o
    0x0800180a   0x0800180a   0x00000002   PAD
    0x0800180c   0x0800180c   0x00000010   Code   RO         3602    i.USART1_IRQHandler  serial_uart_stm32f4xx.o
    0x0800181c   0x0800181c   0x00000010   Code   RO         3603    i.USART3_IRQHandler  serial_uart_stm32f4xx.o
    0x0800182c   0x0800182c   0x00000010   Code   RO         3604    i.USART6_IRQHandler  serial_uart_stm32f4xx.o
    0x0800183c   0x0800183c   0x0000000c   Code   RO         1830    i.USART_ClearITPendingBit  stm32f4xx_usart.o
    0x08001848   0x08001848   0x00000014   Code   RO         1833    i.USART_Cmd         stm32f4xx_usart.o
    0x0800185c   0x0800185c   0x00000010   Code   RO         1834    i.USART_DMACmd      stm32f4xx_usart.o
    0x0800186c   0x0800186c   0x0000003e   Code   RO         1837    i.USART_GetITStatus  stm32f4xx_usart.o
    0x080018aa   0x080018aa   0x00000014   Code   RO         1838    i.USART_HalfDuplexCmd  stm32f4xx_usart.o
    0x080018be   0x080018be   0x00000030   Code   RO         1839    i.USART_ITConfig    stm32f4xx_usart.o
    0x080018ee   0x080018ee   0x00000002   PAD
    0x080018f0   0x080018f0   0x000000ac   Code   RO         1840    i.USART_Init        stm32f4xx_usart.o
    0x0800199c   0x0800199c   0x00000008   Code   RO         1850    i.USART_SendData    stm32f4xx_usart.o
    0x080019a4   0x080019a4   0x00000034   Code   RO         4301    i.activateConfig    config.o
    0x080019d8   0x080019d8   0x00000016   Code   RO         4777    i.calculateChecksum  config_eeprom.o
    0x080019ee   0x080019ee   0x00000002   PAD
    0x080019f0   0x080019f0   0x00000060   Code   RO         5231    i.calculateNonDataDrivenChannel  rx.o
    0x08001a50   0x08001a50   0x00000034   Code   RO         5232    i.calculateRxChannelsAndUpdateFailsafe  rx.o
    0x08001a84   0x08001a84   0x00000004   Code   RO         4306    i.checkEEPROMContainsValidData  config.o
    0x08001a88   0x08001a88   0x0000004c   Code   RO         3721    i.configTimeBaseMhz  timer.o
    0x08001ad4   0x08001ad4   0x00000010   Code   RO         4307    i.constrain         config.o
    0x08001ae4   0x08001ae4   0x000001e0   Code   RO         4308    i.createDefaultConfig  config.o
    0x08001cc4   0x08001cc4   0x00000016   Code   RO         2346    i.delay             system.o
    0x08001cda   0x08001cda   0x00000002   PAD
    0x08001cdc   0x08001cdc   0x00000018   Code   RO         2347    i.delayMicroseconds  system.o
    0x08001cf4   0x08001cf4   0x00000110   Code   RO         5233    i.detectAndApplySignalLossBehaviour  rx.o
    0x08001e04   0x08001e04   0x00000014   Code   RO         4836    i.feature           feature.o
    0x08001e18   0x08001e18   0x00000010   Code   RO         4837    i.featureClear      feature.o
    0x08001e28   0x08001e28   0x00000014   Code   RO         4839    i.featureConfigured  feature.o
    0x08001e3c   0x08001e3c   0x00000010   Code   RO         4841    i.featureSet        feature.o
    0x08001e4c   0x08001e4c   0x00000028   Code   RO         3433    i.findNextSerialPortConfig  serial.o
    0x08001e74   0x08001e74   0x00000010   Code   RO         3434    i.findSerialPortConfig  serial.o
    0x08001e84   0x08001e84   0x0000001c   Code   RO         3435    i.findSerialPortIndexByIdentifier  serial.o
    0x08001ea0   0x08001ea0   0x00000028   Code   RO         3436    i.findSerialPortUsageByIdentifier  serial.o
    0x08001ec8   0x08001ec8   0x0000000e   Code   RO         2141    i.fputc             main.o
    0x08001ed6   0x08001ed6   0x00000002   PAD
    0x08001ed8   0x08001ed8   0x0000007c   Code   RO         4516    i.generateThrottleCurve  fc_rc.o
    0x08001f54   0x08001f54   0x0000000c   Code   RO         4694    i.getMotorCount     mixer.o
    0x08001f60   0x08001f60   0x0000002c   Code   RO         5234    i.getRxChannelCount  rx.o
    0x08001f8c   0x08001f8c   0x00000002   Code   RO         4778    i.initEEPROM        config_eeprom.o
    0x08001f8e   0x08001f8e   0x00000002   PAD
    0x08001f90   0x08001f90   0x0000002c   Code   RO         4695    i.initEscEndpoints  mixer.o
    0x08001fbc   0x08001fbc   0x00000006   Code   RO         4843    i.intFeatureClearAll  feature.o
    0x08001fc2   0x08001fc2   0x00000008   Code   RO         4844    i.intFeatureSet     feature.o
    0x08001fca   0x08001fca   0x00000002   PAD
    0x08001fcc   0x08001fcc   0x00000250   Code   RO         4779    i.isEEPROMContentValid  config_eeprom.o
    0x0800221c   0x0800221c   0x00000026   Code   RO         4574    i.isModeActivationConditionPresent  rc_controls.o
    0x08002242   0x08002242   0x0000001a   Code   RO         3516    i.isUartTransmitBufferEmpty  serial_uart.o
    0x0800225c   0x0800225c   0x00000014   Code   RO         4845    i.latchActiveFeatures  feature.o
    0x08002270   0x08002270   0x00000084   Code   RO         3117    i.ledTimerMhzInit   pwm_output.o
    0x080022f4   0x080022f4   0x00000048   Code   RO         3723    i.lookupTimerIndex  timer.o
    0x0800233c   0x0800233c   0x000000d4   Code   RO         2142    i.main              main.o
    0x08002410   0x08002410   0x00000054   Code   RO         2348    i.micros            system.o
    0x08002464   0x08002464   0x0000004c   Code   RO         2349    i.microsISR         system.o
    0x080024b0   0x080024b0   0x0000000c   Code   RO         2350    i.millis            system.o
    0x080024bc   0x080024bc   0x00000028   Code   RO         4697    i.mixTable          mixer.o
    0x080024e4   0x080024e4   0x00000038   Code   RO         4698    i.mixerConfigurationOutput  mixer.o
    0x0800251c   0x0800251c   0x00000010   Code   RO         4699    i.mixerInit         mixer.o
    0x0800252c   0x0800252c   0x00000020   Code   RO         4700    i.mixerResetDisarmedMotors  mixer.o
    0x0800254c   0x0800254c   0x0000000c   Code   RO         4701    i.mixerUseConfigs   mixer.o
    0x08002558   0x08002558   0x00000158   Code   RO         3118    i.motorInit         pwm_output.o
    0x080026b0   0x080026b0   0x00000004   Code   RO         5235    i.nullFrameStatus   rx.o
    0x080026b4   0x080026b4   0x00000004   Code   RO         5236    i.nullReadRawRC     rx.o
    0x080026b8   0x080026b8   0x0000006c   Code   RO         3438    i.openSerialPort    serial.o
    0x08002724   0x08002724   0x00000038   Code   RO         5237    i.parseRcChannels   rx.o
    0x0800275c   0x0800275c   0x00000004   Code   RO         4482    i.processRx         fc_core.o
    0x08002760   0x08002760   0x0000000c   Code   RO         3119    i.pwmAreMotorsEnabled  pwm_output.o
    0x0800276c   0x0800276c   0x0000000c   Code   RO         3120    i.pwmCompleteMotorUpdate  pwm_output.o
    0x08002778   0x08002778   0x00000038   Code   RO         3121    i.pwmCompleteOneshotMotorUpdate  pwm_output.o
    0x080027b0   0x080027b0   0x00000002   Code   RO         3122    i.pwmCompleteWriteUnused  pwm_output.o
    0x080027b2   0x080027b2   0x000000a0   Code   RO         3123    i.pwmOutConfigMhz   pwm_output.o
    0x08002852   0x08002852   0x00000002   PAD
    0x08002854   0x08002854   0x0000000c   Code   RO         3125    i.pwmWriteMotor     pwm_output.o
    0x08002860   0x08002860   0x00000014   Code   RO         3126    i.pwmWriteStandard  pwm_output.o
    0x08002874   0x08002874   0x00000002   Code   RO         3127    i.pwmWriteUnused    pwm_output.o
    0x08002876   0x08002876   0x00000002   PAD
    0x08002878   0x08002878   0x00000090   Code   RO         4780    i.readEEPROM        config_eeprom.o
    0x08002908   0x08002908   0x00000078   Code   RO         5238    i.readRxChannelsApplyRanges  rx.o
    0x08002980   0x08002980   0x00000018   Code   RO         5239    i.resetAllRxChannelRangeConfigurations  rx.o
    0x08002998   0x08002998   0x00000018   Code   RO         4311    i.resetEEPROM       config.o
    0x080029b0   0x080029b0   0x000000c4   Code   RO         4312    i.resetPidProfile   config.o
    0x08002a74   0x08002a74   0x0000005c   Code   RO         4313    i.resetProfile      config.o
    0x08002ad0   0x08002ad0   0x00000010   Code   RO         4314    i.resetRcControlsConfig  config.o
    0x08002ae0   0x08002ae0   0x000000d8   Code   RO         5240    i.rxInit            rx.o
    0x08002bb8   0x08002bb8   0x0000002c   Code   RO         3357    i.rxSerial3TestInit  rxserial3test.o
    0x08002be4   0x08002be4   0x00000010   Code   RO         3359    i.rxSerial3TestWrite  rxserial3test.o
    0x08002bf4   0x08002bf4   0x00000054   Code   RO         5241    i.rxUpdateCheck     rx.o
    0x08002c48   0x08002c48   0x00000050   Code   RO         5332    i.sbusDataReceiveCallBack  sbus.o
    0x08002c98   0x08002c98   0x000000d8   Code   RO         5333    i.sbusFrameStatus   sbus.o
    0x08002d70   0x08002d70   0x0000007c   Code   RO         5334    i.sbusInit          sbus.o
    0x08002dec   0x08002dec   0x0000001c   Code   RO         5335    i.sbusReadRawRC     sbus.o
    0x08002e08   0x08002e08   0x00000018   Code   RO         5157    i.scaleRange        maths.o
    0x08002e20   0x08002e20   0x00000034   Code   RO         3439    i.serialInit        serial.o
    0x08002e54   0x08002e54   0x00000012   Code   RO         5242    i.serialRxInit      rx.o
    0x08002e66   0x08002e66   0x00000002   PAD
    0x08002e68   0x08002e68   0x00000110   Code   RO         3605    i.serialUART        serial_uart_stm32f4xx.o
    0x08002f78   0x08002f78   0x0000000c   Code   RO         3606    i.serialUART1       serial_uart_stm32f4xx.o
    0x08002f84   0x08002f84   0x0000000c   Code   RO         3607    i.serialUART3       serial_uart_stm32f4xx.o
    0x08002f90   0x08002f90   0x0000000c   Code   RO         3608    i.serialUART6       serial_uart_stm32f4xx.o
    0x08002f9c   0x08002f9c   0x00000006   Code   RO         3441    i.serialWrite       serial.o
    0x08002fa2   0x08002fa2   0x00000002   PAD
    0x08002fa4   0x08002fa4   0x00000034   Code   RO         4317    i.setProfile        config.o
    0x08002fd8   0x08002fd8   0x0000001a   Code   RO         2619    i.spiInit           bus_spi.o
    0x08002ff2   0x08002ff2   0x00000002   PAD
    0x08002ff4   0x08002ff4   0x00000118   Code   RO         2620    i.spiInitDevice     bus_spi.o
    0x0800310c   0x0800310c   0x00000050   Code   RO         2143    i.systemInit        main.o
    0x0800315c   0x0800315c   0x00000036   Code   RO         4318    i.targetConfiguration  config.o
    0x08003192   0x08003192   0x00000002   PAD
    0x08003194   0x08003194   0x00000048   Code   RO         4483    i.taskMainPidLoop   fc_core.o
    0x080031dc   0x080031dc   0x00000018   Code   RO         4552    i.taskUpdateRxMain  fc_tasks.o
    0x080031f4   0x080031f4   0x0000007a   Code   RO         3724    i.timCCxHandler     timer.o
    0x0800326e   0x0800326e   0x0000000a   Code   RO         3726    i.timerChCCR        timer.o
    0x08003278   0x08003278   0x0000003c   Code   RO         3875    i.timerClockDivisor  timer_stm32f4xx.o
    0x080032b4   0x080032b4   0x00000034   Code   RO         3731    i.timerForceOverflow  timer.o
    0x080032e8   0x080032e8   0x0000003c   Code   RO         3732    i.timerGetByTag     timer.o
    0x08003324   0x08003324   0x00000084   Code   RO         3733    i.timerInit         timer.o
    0x080033a8   0x080033a8   0x00000028   Code   RO         3736    i.timerOCInit       timer.o
    0x080033d0   0x080033d0   0x00000028   Code   RO         3737    i.timerOCPreloadConfig  timer.o
    0x080033f8   0x080033f8   0x00000024   Code   RO         3738    i.timerRCC          timer.o
    0x0800341c   0x0800341c   0x00000096   Code   RO         3609    i.uartIrqHandler    serial_uart_stm32f4xx.o
    0x080034b2   0x080034b2   0x00000002   PAD
    0x080034b4   0x080034b4   0x00000174   Code   RO         3517    i.uartOpen          serial_uart.o
    0x08003628   0x08003628   0x0000002c   Code   RO         3518    i.uartRead          serial_uart.o
    0x08003654   0x08003654   0x0000008c   Code   RO         3519    i.uartReconfigure   serial_uart.o
    0x080036e0   0x080036e0   0x00000006   Code   RO         3520    i.uartSetBaudRate   serial_uart.o
    0x080036e6   0x080036e6   0x00000006   Code   RO         3521    i.uartSetMode       serial_uart.o
    0x080036ec   0x080036ec   0x0000004a   Code   RO         3522    i.uartStartTxDMA    serial_uart.o
    0x08003736   0x08003736   0x00000018   Code   RO         3523    i.uartTotalRxBytesWaiting  serial_uart.o
    0x0800374e   0x0800374e   0x00000026   Code   RO         3524    i.uartTotalTxBytesFree  serial_uart.o
    0x08003774   0x08003774   0x00000030   Code   RO         3525    i.uartWrite         serial_uart.o
    0x080037a4   0x080037a4   0x00000130   Code   RO         4518    i.updateRcCommands  fc_rc.o
    0x080038d4   0x080038d4   0x0000001c   Code   RO         4575    i.useRcControlsConfig  rc_controls.o
    0x080038f0   0x080038f0   0x00000040   Code   RO         4319    i.validateAndFixConfig  config.o
    0x08003930   0x08003930   0x0000002c   Code   RO         4320    i.validateAndFixGyroConfig  config.o
    0x0800395c   0x0800395c   0x000000bc   Code   RO         4781    i.writeEEPROM       config_eeprom.o
    0x08003a18   0x08003a18   0x00000100   Code   RO         4702    i.writeMotors       mixer.o
    0x08003b18   0x08003b18   0x0000002c   Code   RO         5720    locale$$code        c_w.l(lc_ctype_c.o)
    0x08003b44   0x08003b44   0x0000000a   Code   RO         5708    x$fpl$fpinit        fz_wm.l(fpinit.o)
    0x08003b4e   0x08003b4e   0x00000002   PAD
    0x08003b50   0x08003b50   0x000000a8   Data   RO         2021    .constdata          target.o
    0x08003bf8   0x08003bf8   0x0000001a   Data   RO         2626    .constdata          bus_spi.o
    0x08003c12   0x08003c12   0x00000016   Data   RO         2959    .constdata          io.o
    0x08003c28   0x08003c28   0x0000000a   Data   RO         3129    .constdata          pwm_output.o
    0x08003c32   0x08003c32   0x00000003   Data   RO         3443    .constdata          serial.o
    0x08003c35   0x08003c35   0x00000003   PAD
    0x08003c38   0x08003c38   0x00000028   Data   RO         3526    .constdata          serial_uart.o
    0x08003c60   0x08003c60   0x00000070   Data   RO         3876    .constdata          timer_stm32f4xx.o
    0x08003cd0   0x08003cd0   0x00000040   Data   RO         4704    .constdata          mixer.o
    0x08003d10   0x08003d10   0x0000001c   Data   RO         5245    .constdata          rx.o
    0x08003d2c   0x08003d2c   0x00000020   Data   RO         5807    Region$$Table       anon$$obj.o
    0x08003d4c   0x08003d4c   0x00000110   Data   RO         5719    locale$$data        c_w.l(lc_ctype_c.o)


    Execution Region RW_IRAM1 (Exec base: 0x20000000, Load base: 0x08003e5c, Size: 0x00002348, Max: 0x00020000, ABSOLUTE, COMPRESSED[0x00000084])

    Exec Addr    Load Addr    Size         Type   Attr      Idx    E Section Name        Object

    0x20000000   COMPRESSED   0x00000010   Data   RW          765    .data               stm32f4xx_rcc.o
    0x20000010   COMPRESSED   0x00000014   Data   RW         2101    .data               system_stm32f4xx.o
    0x20000024   COMPRESSED   0x00000001   Data   RW         2144    .data               main.o
    0x20000025   COMPRESSED   0x00000003   PAD
    0x20000028   COMPRESSED   0x00000004   Data   RW         2145    .data               main.o
    0x2000002c   COMPRESSED   0x0000000c   Data   RW         2352    .data               system.o
    0x20000038   COMPRESSED   0x00000010   Data   RW         2627    .data               bus_spi.o
    0x20000048   COMPRESSED   0x00000007   Data   RW         2765    .data               exti.o
    0x2000004f   COMPRESSED   0x00000001   Data   RW         3082    .data               led.o
    0x20000050   COMPRESSED   0x0000000c   Data   RW         3130    .data               pwm_output.o
    0x2000005c   COMPRESSED   0x00000004   Data   RW         3360    .data               rxserial3test.o
    0x20000060   COMPRESSED   0x00000008   Data   RW         3445    .data               serial.o
    0x20000068   COMPRESSED   0x0000047c   Data   RW         3610    .data               serial_uart_stm32f4xx.o
    0x200004e4   COMPRESSED   0x0000047c   Data   RW         3611    .data               serial_uart_stm32f4xx.o
    0x20000960   COMPRESSED   0x0000047c   Data   RW         3612    .data               serial_uart_stm32f4xx.o
    0x20000ddc   COMPRESSED   0x00000018   Data   RW         3613    .data               serial_uart_stm32f4xx.o
    0x20000df4   COMPRESSED   0x00000006   Data   RW         3740    .data               timer.o
    0x20000dfa   COMPRESSED   0x00000002   PAD
    0x20000dfc   COMPRESSED   0x0000000c   Data   RW         4322    .data               config.o
    0x20000e08   COMPRESSED   0x00000008   Data   RW         4484    .data               fc_core.o
    0x20000e10   COMPRESSED   0x00000001   Data   RW         4485    .data               fc_core.o
    0x20000e11   COMPRESSED   0x00000003   PAD
    0x20000e14   COMPRESSED   0x00000004   Data   RW         4520    .data               fc_rc.o
    0x20000e18   COMPRESSED   0x0000000c   Data   RW         4576    .data               rc_controls.o
    0x20000e24   COMPRESSED   0x00000008   Data   RW         4577    .data               rc_controls.o
    0x20000e2c   COMPRESSED   0x0000001c   Data   RW         4705    .data               mixer.o
    0x20000e48   COMPRESSED   0x00000004   Data   RW         4846    .data               feature.o
    0x20000e4c   COMPRESSED   0x00000020   Data   RW         5247    .data               rx.o
    0x20000e6c   COMPRESSED   0x00000008   Data   RW         5337    .data               sbus.o
    0x20000e74   COMPRESSED   0x00000008   Data   RW         5371    .data               debug.o
    0x20000e7c   COMPRESSED   0x00000001   Data   RW         5372    .data               debug.o
    0x20000e7d   COMPRESSED   0x00000003   PAD
    0x20000e80        -       0x00000010   Zero   RW         2351    .bss                system.o
    0x20000e90        -       0x00000040   Zero   RW         2763    .bss                exti.o
    0x20000ed0        -       0x00000280   Zero   RW         2958    .bss                io.o
    0x20001150        -       0x00000010   Zero   RW         3081    .bss                led.o
    0x20001160        -       0x00000140   Zero   RW         3128    .bss                pwm_output.o
    0x200012a0        -       0x00000024   Zero   RW         3442    .bss                serial.o
    0x200012c4        -       0x000000fe   Zero   RW         3739    .bss                timer.o
    0x200013c2   COMPRESSED   0x00000002   PAD
    0x200013c4        -       0x0000036c   Zero   RW         4321    .bss                config.o
    0x20001730        -       0x00000018   Zero   RW         4519    .bss                fc_rc.o
    0x20001748        -       0x000000f0   Zero   RW         4703    .bss                mixer.o
    0x20001838        -       0x0000036c   Zero   RW         4782    .bss                config_eeprom.o
    0x20001ba4        -       0x000000dc   Zero   RW         5244    .bss                rx.o
    0x20001c80        -       0x00000064   Zero   RW         5336    .bss                sbus.o
    0x20001ce4        -       0x00000060   Zero   RW         5713    .bss                c_w.l(libspace.o)
    0x20001d44   COMPRESSED   0x00000004   PAD
    0x20001d48        -       0x00000200   Zero   RW            2    HEAP                startup_stm32f407xx.o
    0x20001f48        -       0x00000400   Zero   RW            1    STACK               startup_stm32f407xx.o


==============================================================================

Image component sizes


      Code (inc. data)   RO Data    RW Data    ZI Data      Debug   Object Name

         0          0          0          0          0       3060   accgyro_mpu.o
         0          0          0          0          0       1728   accgyro_spi_mpu9250.o
       306         24         26         16          0       3318   bus_spi.o
         0          0          0          0          0        888   button.o
      1406         98          0         12        876      15366   config.o
       948        578          0          0        876       6808   config_eeprom.o
         0          0          0          9          0        574   debug.o
       132         16          0          7         64       5787   exti.o
        76         14          0          9          0       2119   fc_core.o
       428         38          0          4         24       2747   fc_rc.o
        24          4          0          0          0        579   fc_tasks.o
       106         30          0          4          0       4671   feature.o
         0          0          0          0          0       3298   gps.o
       420         38         22          0        640      14993   io.o
       176         16          0          1         16       1915   led.o
       454         72          0          5          0      54974   main.o
        24          0          0          0          0        737   maths.o
       120         14          0          0          0     322839   misc.o
       468        196         64         28        240       7212   mixer.o
         0          0          0          0          0       2841   pwm.o
       752        112         10         12        320      11973   pwm_output.o
        66          6          0         20          0       4429   rc_controls.o
        72          0          0          0          0       1334   rcc.o
       990         90         28         32        220      14357   rx.o
        60         10          0          4          0       1757   rxserial3test.o
       448         44          0          8        100       4359   sbus.o
       290         46          3          8         36       9078   serial.o
       778         12         40          0          0       9169   serial_uart.o
       506         26          0       3468          0       6928   serial_uart_stm32f4xx.o
        64         26        392          0       1536        908   startup_stm32f407xx.o
       494         24          0          0          0       6961   stm32f4xx_dma.o
       322         36          0          0          0       5317   stm32f4xx_flash.o
       212          0          0          0          0       2621   stm32f4xx_gpio.o
       328         58          0         16          0       8487   stm32f4xx_rcc.o
       208         24          0          0          0       2766   stm32f4xx_spi.o
       712         60          0          0          0      10749   stm32f4xx_tim.o
       358          8          0          0          0       6798   stm32f4xx_usart.o
       290         38          0         12         16       7262   system.o
       272         36          0         20          0       2233   system_stm32f4xx.o
         0          0        168          0          0       4175   target.o
       704         78          0          6        254      12975   timer.o
        60         22        112          0          0       2951   timer_stm32f4xx.o

    ----------------------------------------------------------------------
     13108       1894        900       3712       5220     594041   Object Totals
         0          0         32          0          0          0   (incl. Generated)
        34          0          3         11          2          0   (incl. Padding)

    ----------------------------------------------------------------------

      Code (inc. data)   RO Data    RW Data    ZI Data      Debug   Library Member Name

        90          0          0          0          0          0   __dczerorl2.o
         8          0          0          0          0         68   __main.o
       104          0          0          0          0         84   __printf.o
         0          0          0          0          0          0   __rtentry.o
        12          0          0          0          0          0   __rtentry2.o
         6          0          0          0          0          0   __rtentry4.o
        52          8          0          0          0          0   __scatter.o
        28          0          0          0          0          0   __scatter_zi.o
        44          0          0          0          0        108   _printf_char.o
        48          6          0          0          0         96   _printf_char_common.o
        36          4          0          0          0         80   _printf_char_file.o
         6          0          0          0          0          0   _printf_d.o
       120         16          0          0          0         92   _printf_dec.o
       178          0          0          0          0         88   _printf_intcommon.o
         0          0          0          0          0          0   _printf_percent.o
         4          0          0          0          0          0   _printf_percent_end.o
         6          0          0          0          0          0   _printf_s.o
        82          0          0          0          0         80   _printf_str.o
         6          0          0          0          0          0   _printf_u.o
        16          0          0          0          0         68   aeabi_memset.o
        18          0          0          0          0         80   exit.o
         8          0          0          0          0         68   ferror.o
         6          0          0          0          0        152   heapauxi.o
         0          0          0          0          0          0   indicate_semi.o
        44         10        272          0          0         76   lc_ctype_c.o
         2          0          0          0          0          0   libinit.o
        24          0          0          0          0          0   libinit2.o
         2          0          0          0          0          0   libshutdown.o
         2          0          0          0          0          0   libshutdown2.o
         8          4          0          0         96         68   libspace.o
        24          4          0          0          0         84   noretval__2printf.o
        16          4          0          0          0         76   rt_ctype_table.o
         8          4          0          0          0         68   rt_locale_intlibspace.o
        68          0          0          0          0         68   rt_memclr.o
        78          0          0          0          0         80   rt_memclr_w.o
       100          0          0          0          0         80   rt_memcpy_w.o
         2          0          0          0          0          0   rtexit.o
        10          0          0          0          0          0   rtexit2.o
        20          0          0          0          0         68   strchr.o
       128          0          0          0          0         68   strcmpv7m.o
        50          0          0          0          0         84   strncasecmp.o
        86          0          0          0          0         76   strncpy.o
        12          4          0          0          0         68   sys_exit.o
        74          0          0          0          0         80   sys_stackheap_outer.o
        26          0          0          0          0         76   tolower.o
         2          0          0          0          0         68   use_no_semi.o
        10          0          0          0          0        116   fpinit.o

    ----------------------------------------------------------------------
      1684         64        272          0        100       2368   Library Totals
        10          0          0          0          4          0   (incl. Padding)

    ----------------------------------------------------------------------

      Code (inc. data)   RO Data    RW Data    ZI Data      Debug   Library Name

      1664         64        272          0         96       2252   c_w.l
        10          0          0          0          0        116   fz_wm.l

    ----------------------------------------------------------------------
      1684         64        272          0        100       2368   Library Totals

    ----------------------------------------------------------------------

==============================================================================


      Code (inc. data)   RO Data    RW Data    ZI Data      Debug   

     14792       1958       1172       3712       5320     575961   Grand Totals
     14792       1958       1172        132       5320     575961   ELF Image Totals (compressed)
     14792       1958       1172        132          0          0   ROM Totals

==============================================================================

    Total RO  Size (Code + RO Data)                15964 (  15.59kB)
    Total RW  Size (RW Data + ZI Data)              9032 (   8.82kB)
    Total ROM Size (Code + RO Data + RW Data)      16096 (  15.72kB)

==============================================================================

